Component: ARM Compiler 5.05 update 1 (build 106) Tool: armlink [4d0efa]

==============================================================================

Section Cross References

    main.o(.text) refers to stm32f10x_rcc.o(.text) for RCC_APB2PeriphClockCmd
    main.o(.text) refers to misc.o(.text) for NVIC_PriorityGroupConfig
    main.o(.text) refers to ano_drv_led.o(.text) for ANO_LED_Init
    main.o(.text) refers to ano_param.o(.text) for ANO_Param_READ
    main.o(.text) refers to ano_drv_hid.o(.text) for USB_HID_Init
    main.o(.text) refers to ano_drv_spi.o(.text) for ANO_SPI_Init
    main.o(.text) refers to ano_drv_nrf24l01.o(.text) for ANO_NRF_Check
    main.o(.text) refers to ano_drv_adc.o(.text) for ADC1_Init
    main.o(.text) refers to key.o(.text) for KEY_Init
    main.o(.text) refers to oled_i2c.o(.text) for OLED_Init
    main.o(.text) refers to system_stm32f10x.o(.text) for GetSystemCoreClock
    main.o(.text) refers to show.o(.text) for Show_Duty
    main.o(.text) refers to main.o(.data) for cnt_test
    main.o(.text) refers to ano_param.o(.bss) for ANO_Param
    main.o(.text) refers to show.o(.data) for Show
    ano_scheduler.o(.text) refers to stm32f10x_gpio.o(.text) for GPIO_ResetBits
    ano_scheduler.o(.text) refers to ano_drv_nrf24l01.o(.text) for NRF_Check_Ch
    ano_scheduler.o(.text) refers to ano_dt.o(.text) for ANO_DT_Send_Flag_To_Fly
    ano_scheduler.o(.text) refers to key.o(.text) for key_scan
    ano_scheduler.o(.text) refers to ano_stick.o(.text) for ANO_Rc_Data
    ano_scheduler.o(.text) refers to show.o(.text) for Gesture_Check
    ano_scheduler.o(.text) refers to ano_drv_hid.o(.text) for Usb_Hid_Adddata
    ano_scheduler.o(.text) refers to ano_stick.o(.bss) for Rc
    ano_scheduler.o(.text) refers to show.o(.data) for Show
    ano_scheduler.o(.text) refers to ano_drv_nrf24l01.o(.data) for NRF_SSI_CNT
    ano_scheduler.o(.text) refers to board.o(.data) for SysTick_count
    ano_scheduler.o(.text) refers to usb_endp.o(.data) for USB_ReceiveFlg
    ano_scheduler.o(.text) refers to ano_drv_hid.o(.bss) for Hid_RxData
    ano_scheduler.o(.text) refers to ano_drv_nrf24l01.o(.bss) for NRF24L01_2_RXDATA
    ano_scheduler.o(.text) refers to ano_scheduler.o(.data) for S_cnt_2ms
    ano_stick.o(.text) refers to ano_param.o(.text) for ANO_Param_SAVE
    ano_stick.o(.text) refers to ffltui.o(.text) for __aeabi_ui2f
    ano_stick.o(.text) refers to fmul.o(.text) for __aeabi_fmul
    ano_stick.o(.text) refers to ffixui.o(.text) for __aeabi_f2uiz
    ano_stick.o(.text) refers to fdiv.o(.text) for __aeabi_fdiv
    ano_stick.o(.text) refers to dflti.o(.text) for __aeabi_i2d
    ano_stick.o(.text) refers to dmul.o(.text) for __aeabi_dmul
    ano_stick.o(.text) refers to dadd.o(.text) for __aeabi_dadd
    ano_stick.o(.text) refers to ano_stick.o(.bss) for Filter_THR
    ano_stick.o(.text) refers to ano_stick.o(.data) for Filter_Count
    ano_stick.o(.text) refers to ano_param.o(.bss) for ANO_Param
    ano_stick.o(.text) refers to show.o(.data) for Show
    ano_stick.o(.text) refers to ano_drv_adc.o(.bss) for ADC_ConvertedValue
    ano_stick.o(.text) refers to dfixi.o(.text) for __aeabi_d2iz
    ano_stick.o(.text) refers to key.o(.text) for key_function
    ano_dt.o(.text) refers to ano_drv_nrf24l01.o(.text) for ANO_NRF_TxPacket
    ano_dt.o(.text) refers to ano_drv_hid.o(.text) for Usb_Hid_Adddata
    ano_dt.o(.text) refers to dflti.o(.text) for __aeabi_i2d
    ano_dt.o(.text) refers to dmul.o(.text) for __aeabi_dmul
    ano_dt.o(.text) refers to dfixi.o(.text) for __aeabi_d2iz
    ano_dt.o(.text) refers to ano_dt.o(.bss) for data_to_send
    ano_dt.o(.text) refers to ano_stick.o(.bss) for Rc
    ano_dt.o(.text) refers to ano_drv_nrf24l01.o(.data) for NRF_Evnet
    ano_dt.o(.text) refers to show.o(.data) for Show
    ano_dt.o(.text) refers to fflti.o(.text) for __aeabi_i2f
    ano_dt.o(.text) refers to fmul.o(.text) for __aeabi_fmul
    ano_param.o(.text) refers to ano_drv_flash.o(.text) for ANO_Flash_Write
    ano_param.o(.text) refers to ano_param.o(.bss) for ANO_Param
    ano_param.o(.text) refers to show.o(.data) for Show
    oled_i2c.o(.text) refers to ano_drv_i2c.o(.text) for OLED_Start
    oled_i2c.o(.text) refers to oled_i2c.o(.data) for i
    oled_i2c.o(.text) refers to oled_i2c.o(.bss) for OLED_GRAM
    oled_i2c.o(.text) refers to oledfont.o(.constdata) for oled_asc2_1206
    oled_i2c.o(.text) refers to stm32f10x_rcc.o(.text) for RCC_APB2PeriphClockCmd
    oled_i2c.o(.text) refers to board.o(.text) for Delay
    oled_i2c.o(.text) refers to show.o(.data) for Show
    show.o(.text) refers to oled_i2c.o(.text) for OLED_Show_CH
    show.o(.text) refers to memcmp.o(.text) for memcmp
    show.o(.text) refers to memcpya.o(.text) for __aeabi_memcpy
    show.o(.text) refers to printfa.o(i.__0sprintf) for __2sprintf
    show.o(.text) refers to show.o(.data) for page
    show.o(.text) refers to oledfont.o(.constdata) for oled_CH16
    show.o(.text) refers to show.o(.bss) for str_oled_old
[...]
    ANO_DT_Send_Flag_To_Fly                  0x080011e3   Thumb Code   144  ano_dt.o(.text)
    ANO_Param_SAVE                           0x0800128d   Thumb Code    12  ano_param.o(.text)
    ANO_Param_Init                           0x08001299   Thumb Code    36  ano_param.o(.text)
    ANO_Param_READ                           0x080012bd   Thumb Code    46  ano_param.o(.text)
    OLED_Refresh_Gram                        0x080012f5   Thumb Code    94  oled_i2c.o(.text)
    OLED_Clear                               0x08001353   Thumb Code    36  oled_i2c.o(.text)
    OLED_DrawPoint                           0x08001377   Thumb Code   100  oled_i2c.o(.text)
    OLED_DrawLine                            0x080013db   Thumb Code   172  oled_i2c.o(.text)
    OLED_DrawCircle                          0x08001487   Thumb Code   170  oled_i2c.o(.text)
    OLED_ShowGap                             0x08001531   Thumb Code    70  oled_i2c.o(.text)
    OLED_ShowChar                            0x08001577   Thumb Code   158  oled_i2c.o(.text)
    OLED_ShowCH                              0x08001615   Thumb Code   132  oled_i2c.o(.text)
    OLED_Show_CH                             0x08001699   Thumb Code    92  oled_i2c.o(.text)
    OLED_Show_CH_String                      0x080016f5   Thumb Code   122  oled_i2c.o(.text)
    oled_pow                                 0x0800176f   Thumb Code    22  oled_i2c.o(.text)
    OLED_ShowNumber                          0x08001785   Thumb Code   148  oled_i2c.o(.text)
    OLED_ShowString                          0x08001819   Thumb Code   104  oled_i2c.o(.text)
    OLED_ShowString_num                      0x08001881   Thumb Code   102  oled_i2c.o(.text)
    OLED_ShowString_16                       0x080018e7   Thumb Code    68  oled_i2c.o(.text)
    OLED_Init                                0x0800192b   Thumb Code   206  oled_i2c.o(.text)
    OLED_Show_progress_bar                   0x08001a01   Thumb Code   300  show.o(.text)
    oled_show                                0x08001b2d   Thumb Code  2228  show.o(.text)
    OLED_Show_detail                         0x080023e1   Thumb Code  2396  show.o(.text)
    OLED_Show_Seting                         0x08002d3d   Thumb Code  1642  show.o(.text)
    OLED_Show_Test                           0x080033a7   Thumb Code  1522  show.o(.text)
    OLED_Show_Menu                           0x08003999   Thumb Code   766  show.o(.text)
    Gesture_Check0                           0x08003c97   Thumb Code   122  show.o(.text)
    Gesture_Check1                           0x08003d11   Thumb Code    56  show.o(.text)
    Key1_Check                               0x08003d49   Thumb Code   384  show.o(.text)
    Gesture_Check                            0x08003ec9   Thumb Code   270  show.o(.text)
    Show_Duty                                0x08003fd7   Thumb Code   184  show.o(.text)
    cycleCounterInit                         0x080040f1   Thumb Code    26  board.o(.text)
    Delay                                    0x0800410b   Thumb Code    18  board.o(.text)
    SysTick_IRQ                              0x0800411d   Thumb Code    18  board.o(.text)
    USART1_IRQHandler                        0x0800413d   Thumb Code     8  stm32f10x_it.o(.text)
    SysTick_Handler                          0x08004145   Thumb Code     8  stm32f10x_it.o(.text)
    USB_HP_CAN1_TX_IRQHandler                0x0800414d   Thumb Code     2  stm32f10x_it.o(.text)
    USB_LP_CAN1_RX0_IRQHandler               0x0800414f   Thumb Code     8  stm32f10x_it.o(.text)
    ANO_LED_Init                             0x080041db   Thumb Code   110  ano_drv_led.o(.text)
    ANO_LED_0_FLASH                          0x08004249   Thumb Code   112  ano_drv_led.o(.text)
    Breath_LED                               0x080042b9   Thumb Code   102  ano_drv_led.o(.text)
    ANO_NRF_Write_Reg                        0x08004345   Thumb Code    32  ano_drv_nrf24l01.o(.text)
    ANO_NRF_Read_Reg                         0x08004365   Thumb Code    30  ano_drv_nrf24l01.o(.text)
    ANO_NRF_Write_Buf                        0x08004383   Thumb Code    50  ano_drv_nrf24l01.o(.text)
    ANO_NRF_Read_Buf                         0x080043b5   Thumb Code    52  ano_drv_nrf24l01.o(.text)
    ANO_NRF_TxPacket                         0x080043e9   Thumb Code    28  ano_drv_nrf24l01.o(.text)
    ANO_NRF_TxPacket_AP                      0x08004405   Thumb Code    18  ano_drv_nrf24l01.o(.text)
    NRF_Check_Ch                             0x08004417   Thumb Code    84  ano_drv_nrf24l01.o(.text)
    ANO_NRF_Init                             0x0800446b   Thumb Code   222  ano_drv_nrf24l01.o(.text)
    ANO_NRF_Check                            0x08004549   Thumb Code    62  ano_drv_nrf24l01.o(.text)
    ANO_NRF_Check_Event                      0x08004587   Thumb Code   112  ano_drv_nrf24l01.o(.text)
    ANO_SPI_Init                             0x08004619   Thumb Code   232  ano_drv_spi.o(.text)
    ANO_SPI_RW                               0x08004701   Thumb Code    50  ano_drv_spi.o(.text)
    ANO_SPI_CSN_H                            0x08004733   Thumb Code    12  ano_drv_spi.o(.text)
    ANO_SPI_CSN_L                            0x0800473f   Thumb Code    12  ano_drv_spi.o(.text)
    Uart1_Init                               0x0800475d   Thumb Code   212  ano_drv_uart.o(.text)
    Uart1_DeInit                             0x08004831   Thumb Code    40  ano_drv_uart.o(.text)
    Uart1_IRQ                                0x08004859   Thumb Code   324  ano_drv_uart.o(.text)
    Uart1_Put_String                         0x080049bf   Thumb Code    46  ano_drv_uart.o(.text)
    Uart1_Put_Buf                            0x080049ed   Thumb Code    62  ano_drv_uart.o(.text)
    ADC1_Init                                0x08004bb5   Thumb Code    12  ano_drv_adc.o(.text)
    ANO_I2C_Init                             0x08004bd5   Thumb Code    66  ano_drv_i2c.o(.text)
    ANO_I2C_delay                            0x08004c17   Thumb Code     2  ano_drv_i2c.o(.text)
    ANO_I2C_Start                            0x08004c19   Thumb Code    88  ano_drv_i2c.o(.text)
    ANO_I2C_Stop                             0x08004c71   Thumb Code    56  ano_drv_i2c.o(.text)
    ANO_I2C_Ack                              0x08004ca9   Thumb Code    58  ano_drv_i2c.o(.text)
    ANO_I2C_NoAck                            0x08004ce3   Thumb Code    58  ano_drv_i2c.o(.text)
    ANO_I2C_WaitAck                          0x08004d1d   Thumb Code    90  ano_drv_i2c.o(.text)
    ANO_I2C_SendByte                         0x08004d77   Thumb Code    88  ano_drv_i2c.o(.text)
    ANO_I2C_SendByte_ack                     0x08004dcf   Thumb Code   116  ano_drv_i2c.o(.text)
    ANO_I2C_ReadByte                         0x08004e43   Thumb Code    86  ano_drv_i2c.o(.text)
    OLED_Start                               0x08004e99   Thumb Code    22  ano_drv_i2c.o(.text)
    OLED_End                                 0x08004eaf   Thumb Code    10  ano_drv_i2c.o(.text)
    OLED_ctrl                                0x08004eb9   Thumb Code    24  ano_drv_i2c.o(.text)
    OLED_WrByte                              0x08004ed1   Thumb Code    14  ano_drv_i2c.o(.text)
    OLED_WrCmd                               0x08004edf   Thumb Code    40  ano_drv_i2c.o(.text)
    OLED_WrDat                               0x08004f07   Thumb Code    40  ano_drv_i2c.o(.text)
    ANO_I2C_Single_Write                     0x08004f2f   Thumb Code    66  ano_drv_i2c.o(.text)
    ANO_I2C_Single_Read                      0x08004f71   Thumb Code    80  ano_drv_i2c.o(.text)
    ANO_I2C_Mult_Read                        0x08004fc1   Thumb Code   128  ano_drv_i2c.o(.text)
    USB_HID_Init                             0x08005041   Thumb Code    42  ano_drv_hid.o(.text)
    Usb_Hid_Adddata                          0x0800506b   Thumb Code    48  ano_drv_hid.o(.text)
    Usb_Hid_Send                             0x0800509b   Thumb Code   452  ano_drv_hid.o(.text)
    ANO_Flash_Read                           0x08005281   Thumb Code    70  ano_drv_flash.o(.text)
    ANO_Flash_Write                          0x080052c7   Thumb Code   100  ano_drv_flash.o(.text)
    KEY_Init                                 0x08005335   Thumb Code    84  key.o(.text)
    key_function                             0x08005389   Thumb Code  3144  key.o(.text)
    key_scan                                 0x08005fd1   Thumb Code  1114  key.o(.text)
    ANO_key                                  0x0800642b   Thumb Code   332  key.o(.text)
    Reset_Handler                            0x08006615   Thumb Code     8  startup_stm32f10x_md.o(.text)
    NMI_Handler                              0x0800661d   Thumb Code     2  startup_stm32f10x_md.o(.text)
    HardFault_Handler                        0x0800661f   Thumb Code     2  startup_stm32f10x_md.o(.text)
    MemManage_Handler                        0x08006621   Thumb Code     2  startup_stm32f10x_md.o(.text)
    BusFault_Handler                         0x08006623   Thumb Code     2  startup_stm32f10x_md.o(.text)
    UsageFault_Handler                       0x08006625   Thumb Code     2  startup_stm32f10x_md.o(.text)
    SVC_Handler                              0x08006627   Thumb Code     2  startup_stm32f10x_md.o(.text)
    DebugMon_Handler                         0x08006629   Thumb Code     2  startup_stm32f10x_md.o(.text)
    PendSV_Handler                           0x0800662b   Thumb Code     2  startup_stm32f10x_md.o(.text)
    ADC1_2_IRQHandler                        0x0800662f   Thumb Code     0  startup_stm32f10x_md.o(.text)
    CAN1_RX1_IRQHandler                      0x0800662f   Thumb Code     0  startup_stm32f10x_md.o(.text)
    CAN1_SCE_IRQHandler                      0x0800662f   Thumb Code     0  startup_stm32f10x_md.o(.text)
    DMA1_Channel1_IRQHandler                 0x0800662f   Thumb Code     0  startup_stm32f10x_md.o(.text)
    DMA1_Channel2_IRQHandler                 0x0800662f   Thumb Code     0  startup_stm32f10x_md.o(.text)
    DMA1_Channel3_IRQHandler                 0x0800662f   Thumb Code     0  startup_stm32f10x_md.o(.text)
    DMA1_Channel4_IRQHandler                 0x0800662f   Thumb Code     0  startup_stm32f10x_md.o(.text)
    DMA1_Channel5_IRQHandler                 0x0800662f   Thumb Code     0  startup_stm32f10x_md.o(.text)
    DMA1_Channel6_IRQHandler                 0x0800662f   Thumb Code     0  startup_stm32f10x_md.o(.text)
    DMA1_Channel7_IRQHandler                 0x0800662f   Thumb Code     0  startup_stm32f10x_md.o(.text)
    EXTI0_IRQHandler                         0x0800662f   Thumb Code     0  startup_stm32f10x_md.o(.text)
    EXTI15_10_IRQHandler                     0x0800662f   Thumb Code     0  startup_stm32f10x_md.o(.text)
    EXTI1_IRQHandler                         0x0800662f   Thumb Code     0  startup_stm32f10x_md.o(.text)
    EXTI2_IRQHandler                         0x0800662f   Thumb Code     0  startup_stm32f10x_md.o(.text)
    EXTI3_IRQHandler                         0x0800662f   Thumb Code     0  startup_stm32f10x_md.o(.text)
    EXTI4_IRQHandler                         0x0800662f   Thumb Code     0  startup_stm32f10x_md.o(.text)
    EXTI9_5_IRQHandler                       0x0800662f   Thumb Code     0  startup_stm32f10x_md.o(.text)
    FLASH_IRQHandler                         0x0800662f   Thumb Code     0  startup_stm32f10x_md.o(.text)
    I2C1_ER_IRQHandler                       0x0800662f   Thumb Code     0  startup_stm32f10x_md.o(.text)
    I2C1_EV_IRQHandler                       0x0800662f   Thumb Code     0  startup_stm32f10x_md.o(.text)
    I2C2_ER_IRQHandler                       0x0800662f   Thumb Code     0  startup_stm32f10x_md.o(.text)
    I2C2_EV_IRQHandler                       0x0800662f   Thumb Code     0  startup_stm32f10x_md.o(.text)
    PVD_IRQHandler                           0x0800662f   Thumb Code     0  startup_stm32f10x_md.o(.text)
    RCC_IRQHandler                           0x0800662f   Thumb Code     0  startup_stm32f10x_md.o(.text)
    RTCAlarm_IRQHandler                      0x0800662f   Thumb Code     0  startup_stm32f10x_md.o(.text)
    RTC_IRQHandler                           0x0800662f   Thumb Code     0  startup_stm32f10x_md.o(.text)
    SPI1_IRQHandler                          0x0800662f   Thumb Code     0  startup_stm32f10x_md.o(.text)
    SPI2_IRQHandler                          0x0800662f   Thumb Code     0  startup_stm32f10x_md.o(.text)
    TAMPER_IRQHandler                        0x0800662f   Thumb Code     0  startup_stm32f10x_md.o(.text)
    TIM1_BRK_IRQHandler                      0x0800662f   Thumb Code     0  startup_stm32f10x_md.o(.text)
    TIM1_CC_IRQHandler                       0x0800662f   Thumb Code     0  startup_stm32f10x_md.o(.text)
    TIM1_TRG_COM_IRQHandler                  0x0800662f   Thumb Code     0  startup_stm32f10x_md.o(.text)
    TIM1_UP_IRQHandler                       0x0800662f   Thumb Code     0  startup_stm32f10x_md.o(.text)
    TIM2_IRQHandler                          0x0800662f   Thumb Code     0  startup_stm32f10x_md.o(.text)
    TIM3_IRQHandler                          0x0800662f   Thumb Code     0  startup_stm32f10x_md.o(.text)
    TIM4_IRQHandler                          0x0800662f   Thumb Code     0  startup_stm32f10x_md.o(.text)
    USART2_IRQHandler                        0x0800662f   Thumb Code     0  startup_stm32f10x_md.o(.text)
    USART3_IRQHandler                        0x0800662f   Thumb Code     0  startup_stm32f10x_md.o(.text)
    USBWakeUp_IRQHandler                     0x0800662f   Thumb Code     0  startup_stm32f10x_md.o(.text)
    WWDG_IRQHandler                          0x0800662f   Thumb Code     0  startup_stm32f10x_md.o(.text)
    GetSystemCoreClock                       0x08006639   Thumb Code    38  system_stm32f10x.o(.text)
    SystemInit                               0x08006819   Thumb Code    78  system_stm32f10x.o(.text)
    SystemCoreClockUpdate                    0x08006867   Thumb Code   142  system_stm32f10x.o(.text)
    RCC_DeInit                               0x0800691d   Thumb Code    64  stm32f10x_rcc.o(.text)
    RCC_HSEConfig                            0x0800695d   Thumb Code    70  stm32f10x_rcc.o(.text)
    RCC_GetFlagStatus                        0x080069a3   Thumb Code    56  stm32f10x_rcc.o(.text)
    RCC_WaitForHSEStartUp                    0x080069db   Thumb Code    56  stm32f10x_rcc.o(.text)
    RCC_AdjustHSICalibrationValue            0x08006a13   Thumb Code    20  stm32f10x_rcc.o(.text)
    RCC_HSICmd                               0x08006a27   Thumb Code     6  stm32f10x_rcc.o(.text)
    RCC_PLLConfig                            0x08006a2d   Thumb Code    24  stm32f10x_rcc.o(.text)
    RCC_PLLCmd                               0x08006a45   Thumb Code     6  stm32f10x_rcc.o(.text)
    RCC_SYSCLKConfig                         0x08006a4b   Thumb Code    18  stm32f10x_rcc.o(.text)
    RCC_GetSYSCLKSource                      0x08006a5d   Thumb Code    10  stm32f10x_rcc.o(.text)
    RCC_HCLKConfig                           0x08006a67   Thumb Code    18  stm32f10x_rcc.o(.text)
    RCC_PCLK1Config                          0x08006a79   Thumb Code    18  stm32f10x_rcc.o(.text)
    RCC_PCLK2Config                          0x08006a8b   Thumb Code    20  stm32f10x_rcc.o(.text)
    RCC_ITConfig                             0x08006a9f   Thumb Code    26  stm32f10x_rcc.o(.text)
    RCC_USBCLKConfig                         0x08006ab9   Thumb Code     8  stm32f10x_rcc.o(.text)
    RCC_ADCCLKConfig                         0x08006ac1   Thumb Code    18  stm32f10x_rcc.o(.text)
    RCC_LSEConfig                            0x08006ad3   Thumb Code    50  stm32f10x_rcc.o(.text)
    RCC_LSICmd                               0x08006b05   Thumb Code     6  stm32f10x_rcc.o(.text)
    RCC_RTCCLKConfig                         0x08006b0b   Thumb Code    12  stm32f10x_rcc.o(.text)
    RCC_RTCCLKCmd                            0x08006b17   Thumb Code     8  stm32f10x_rcc.o(.text)
    RCC_GetClocksFreq                        0x08006b1f   Thumb Code   192  stm32f10x_rcc.o(.text)
    RCC_AHBPeriphClockCmd                    0x08006bdf   Thumb Code    26  stm32f10x_rcc.o(.text)
    RCC_APB2PeriphClockCmd                   0x08006bf9   Thumb Code    26  stm32f10x_rcc.o(.text)
    RCC_APB1PeriphClockCmd                   0x08006c13   Thumb Code    26  stm32f10x_rcc.o(.text)
    RCC_APB2PeriphResetCmd                   0x08006c2d   Thumb Code    26  stm32f10x_rcc.o(.text)
    RCC_APB1PeriphResetCmd                   0x08006c47   Thumb Code    26  stm32f10x_rcc.o(.text)
    RCC_BackupResetCmd                       0x08006c61   Thumb Code     8  stm32f10x_rcc.o(.text)
    RCC_ClockSecuritySystemCmd               0x08006c69   Thumb Code     6  stm32f10x_rcc.o(.text)
    RCC_MCOConfig                            0x08006c6f   Thumb Code     6  stm32f10x_rcc.o(.text)
    RCC_ClearFlag                            0x08006c75   Thumb Code    14  stm32f10x_rcc.o(.text)
    RCC_GetITStatus                          0x08006c83   Thumb Code    20  stm32f10x_rcc.o(.text)
    RCC_ClearITPendingBit                    0x08006c97   Thumb Code     6  stm32f10x_rcc.o(.text)
    NVIC_PriorityGroupConfig                 0x08006cc1   Thumb Code    10  misc.o(.text)
    NVIC_Init                                0x08006ccb   Thumb Code   100  misc.o(.text)
    NVIC_SetVectorTable                      0x08006d2f   Thumb Code    14  misc.o(.text)
    NVIC_SystemLPConfig                      0x08006d3d   Thumb Code    34  misc.o(.text)
    SysTick_CLKSourceConfig                  0x08006d5f   Thumb Code    40  misc.o(.text)
    FLASH_SetLatency                         0x08006d9d   Thumb Code    18  stm32f10x_flash.o(.text)
    FLASH_HalfCycleAccessCmd                 0x08006daf   Thumb Code    22  stm32f10x_flash.o(.text)
    FLASH_PrefetchBufferCmd                  0x08006dc5   Thumb Code    22  stm32f10x_flash.o(.text)
    FLASH_Unlock                             0x08006ddb   Thumb Code    12  stm32f10x_flash.o(.text)
    FLASH_UnlockBank1                        0x08006de7   Thumb Code    12  stm32f10x_flash.o(.text)
    FLASH_Lock                               0x08006df3   Thumb Code    14  stm32f10x_flash.o(.text)
    FLASH_LockBank1                          0x08006e01   Thumb Code    14  stm32f10x_flash.o(.text)
    FLASH_GetBank1Status                     0x08006e0f   Thumb Code    48  stm32f10x_flash.o(.text)
    FLASH_WaitForLastOperation               0x08006e3f   Thumb Code    38  stm32f10x_flash.o(.text)
    FLASH_ErasePage                          0x08006e65   Thumb Code    72  stm32f10x_flash.o(.text)
    FLASH_EraseAllPages                      0x08006ead   Thumb Code    68  stm32f10x_flash.o(.text)
    FLASH_WaitForLastBank1Operation          0x08006ef1   Thumb Code    38  stm32f10x_flash.o(.text)
    FLASH_EraseAllBank1Pages                 0x08006f17   Thumb Code    68  stm32f10x_flash.o(.text)
    FLASH_GetReadOutProtectionStatus         0x08006f5b   Thumb Code    20  stm32f10x_flash.o(.text)
    FLASH_EraseOptionBytes                   0x08006f6f   Thumb Code   150  stm32f10x_flash.o(.text)
    FLASH_ProgramWord                        0x08007005   Thumb Code   102  stm32f10x_flash.o(.text)
    FLASH_ProgramHalfWord                    0x0800706b   Thumb Code    60  stm32f10x_flash.o(.text)
    FLASH_ProgramOptionByteData              0x080070a7   Thumb Code    72  stm32f10x_flash.o(.text)
    FLASH_EnableWriteProtection              0x080070ef   Thumb Code   200  stm32f10x_flash.o(.text)
    FLASH_ReadOutProtection                  0x080071b7   Thumb Code   156  stm32f10x_flash.o(.text)
    FLASH_UserOptionByteConfig               0x08007253   Thumb Code    88  stm32f10x_flash.o(.text)
    FLASH_GetUserOptionByte                  0x080072ab   Thumb Code     8  stm32f10x_flash.o(.text)
    FLASH_GetWriteProtectionOptionByte       0x080072b3   Thumb Code     6  stm32f10x_flash.o(.text)
    FLASH_GetPrefetchBufferStatus            0x080072b9   Thumb Code    20  stm32f10x_flash.o(.text)
    FLASH_ITConfig                           0x080072cd   Thumb Code    26  stm32f10x_flash.o(.text)
    FLASH_GetFlagStatus                      0x080072e7   Thumb Code    42  stm32f10x_flash.o(.text)
    FLASH_ClearFlag                          0x08007311   Thumb Code     6  stm32f10x_flash.o(.text)
    FLASH_GetStatus                          0x08007317   Thumb Code    48  stm32f10x_flash.o(.text)
    GPIO_DeInit                              0x08007359   Thumb Code   172  stm32f10x_gpio.o(.text)
    GPIO_AFIODeInit                          0x08007405   Thumb Code    20  stm32f10x_gpio.o(.text)
    GPIO_Init                                0x08007419   Thumb Code   278  stm32f10x_gpio.o(.text)
    GPIO_StructInit                          0x0800752f   Thumb Code    16  stm32f10x_gpio.o(.text)
    GPIO_ReadInputDataBit                    0x0800753f   Thumb Code    18  stm32f10x_gpio.o(.text)
    GPIO_ReadInputData                       0x08007551   Thumb Code     8  stm32f10x_gpio.o(.text)
    GPIO_ReadOutputDataBit                   0x08007559   Thumb Code    18  stm32f10x_gpio.o(.text)
    GPIO_ReadOutputData                      0x0800756b   Thumb Code     8  stm32f10x_gpio.o(.text)
    GPIO_SetBits                             0x08007573   Thumb Code     4  stm32f10x_gpio.o(.text)
    GPIO_ResetBits                           0x08007577   Thumb Code     4  stm32f10x_gpio.o(.text)
    GPIO_WriteBit                            0x0800757b   Thumb Code    10  stm32f10x_gpio.o(.text)
    GPIO_Write                               0x08007585   Thumb Code     4  stm32f10x_gpio.o(.text)
    GPIO_PinLockConfig                       0x08007589   Thumb Code    18  stm32f10x_gpio.o(.text)
    GPIO_EventOutputConfig                   0x0800759b   Thumb Code    26  stm32f10x_gpio.o(.text)
    GPIO_EventOutputCmd                      0x080075b5   Thumb Code     6  stm32f10x_gpio.o(.text)
    GPIO_PinRemapConfig                      0x080075bb   Thumb Code   138  stm32f10x_gpio.o(.text)
    GPIO_EXTILineConfig                      0x08007645   Thumb Code    66  stm32f10x_gpio.o(.text)
    GPIO_ETH_MediaInterfaceConfig            0x08007687   Thumb Code     8  stm32f10x_gpio.o(.text)
    SPI_I2S_DeInit                           0x080076b5   Thumb Code    76  stm32f10x_spi.o(.text)
    SPI_Init                                 0x08007701   Thumb Code    60  stm32f10x_spi.o(.text)
    I2S_Init                                 0x0800773d   Thumb Code   226  stm32f10x_spi.o(.text)
    SPI_StructInit                           0x0800781f   Thumb Code    24  stm32f10x_spi.o(.text)
    I2S_StructInit                           0x08007837   Thumb Code    20  stm32f10x_spi.o(.text)
    SPI_Cmd                                  0x0800784b   Thumb Code    24  stm32f10x_spi.o(.text)
    I2S_Cmd                                  0x08007863   Thumb Code    24  stm32f10x_spi.o(.text)
    SPI_I2S_ITConfig                         0x0800787b   Thumb Code    32  stm32f10x_spi.o(.text)
    SPI_I2S_DMACmd                           0x0800789b   Thumb Code    18  stm32f10x_spi.o(.text)
    SPI_I2S_SendData                         0x080078ad   Thumb Code     4  stm32f10x_spi.o(.text)
    SPI_I2S_ReceiveData                      0x080078b1   Thumb Code     6  stm32f10x_spi.o(.text)
    SPI_NSSInternalSoftwareConfig            0x080078b7   Thumb Code    30  stm32f10x_spi.o(.text)
    SPI_SSOutputCmd                          0x080078d5   Thumb Code    24  stm32f10x_spi.o(.text)
    SPI_DataSizeConfig                       0x080078ed   Thumb Code    18  stm32f10x_spi.o(.text)
    SPI_TransmitCRC                          0x080078ff   Thumb Code    10  stm32f10x_spi.o(.text)
    SPI_CalculateCRC                         0x08007909   Thumb Code    24  stm32f10x_spi.o(.text)
    SPI_GetCRC                               0x08007921   Thumb Code    16  stm32f10x_spi.o(.text)
    SPI_GetCRCPolynomial                     0x08007931   Thumb Code     6  stm32f10x_spi.o(.text)
    SPI_BiDirectionalLineConfig              0x08007937   Thumb Code    28  stm32f10x_spi.o(.text)
    SPI_I2S_GetFlagStatus                    0x08007953   Thumb Code    18  stm32f10x_spi.o(.text)
    SPI_I2S_ClearFlag                        0x08007965   Thumb Code     6  stm32f10x_spi.o(.text)
    SPI_I2S_GetITStatus                      0x0800796b   Thumb Code    52  stm32f10x_spi.o(.text)
    SPI_I2S_ClearITPendingBit                0x0800799f   Thumb Code    20  stm32f10x_spi.o(.text)
    TIM_DeInit                               0x080079c1   Thumb Code   424  stm32f10x_tim.o(.text)
    TIM_TimeBaseInit                         0x08007b69   Thumb Code   122  stm32f10x_tim.o(.text)
    TIM_OC1Init                              0x08007be3   Thumb Code   132  stm32f10x_tim.o(.text)
    TIM_OC2Init                              0x08007c67   Thumb Code   154  stm32f10x_tim.o(.text)
    TIM_OC3Init                              0x08007d01   Thumb Code   150  stm32f10x_tim.o(.text)
    TIM_OC4Init                              0x08007d97   Thumb Code   182  stm32f10x_tim.o(.text)
    TIM_SetIC4Prescaler                      0x08007e4d   Thumb Code    26  stm32f10x_tim.o(.text)
    TIM_SetIC3Prescaler                      0x08007ee9   Thumb Code    18  stm32f10x_tim.o(.text)
    TIM_SetIC2Prescaler                      0x08007f75   Thumb Code    26  stm32f10x_tim.o(.text)
    TIM_SetIC1Prescaler                      0x08008011   Thumb Code    18  stm32f10x_tim.o(.text)
    TIM_ICInit                               0x0800808f   Thumb Code   150  stm32f10x_tim.o(.text)
    TIM_PWMIConfig                           0x08008125   Thumb Code   124  stm32f10x_tim.o(.text)
    TIM_BDTRConfig                           0x080081a1   Thumb Code    32  stm32f10x_tim.o(.text)
    TIM_TimeBaseStructInit                   0x080081c1   Thumb Code    18  stm32f10x_tim.o(.text)
    TIM_OCStructInit                         0x080081d3   Thumb Code    20  stm32f10x_tim.o(.text)
    TIM_ICStructInit                         0x080081e7   Thumb Code    18  stm32f10x_tim.o(.text)
    TIM_BDTRStructInit                       0x080081f9   Thumb Code    40  stm32f10x_tim.o(.text)
    TIM_Cmd                                  0x08008221   Thumb Code    24  stm32f10x_tim.o(.text)
    TIM_CtrlPWMOutputs                       0x08008239   Thumb Code    30  stm32f10x_tim.o(.text)
    TIM_ITConfig                             0x08008257   Thumb Code    18  stm32f10x_tim.o(.text)
    TIM_GenerateEvent                        0x08008269   Thumb Code     4  stm32f10x_tim.o(.text)
    TIM_DMAConfig                            0x0800826d   Thumb Code    10  stm32f10x_tim.o(.text)
    TIM_DMACmd                               0x08008277   Thumb Code    18  stm32f10x_tim.o(.text)
    TIM_InternalClockConfig                  0x08008289   Thumb Code    12  stm32f10x_tim.o(.text)
    TIM_SelectInputTrigger                   0x08008295   Thumb Code    18  stm32f10x_tim.o(.text)
    TIM_ITRxExternalClockConfig              0x080082a7   Thumb Code    24  stm32f10x_tim.o(.text)
    TIM_TIxExternalClockConfig               0x080082bf   Thumb Code    62  stm32f10x_tim.o(.text)
    TIM_ETRConfig                            0x080082fd   Thumb Code    28  stm32f10x_tim.o(.text)
    TIM_ETRClockMode1Config                  0x08008319   Thumb Code    54  stm32f10x_tim.o(.text)
    TIM_ETRClockMode2Config                  0x0800834f   Thumb Code    32  stm32f10x_tim.o(.text)
    TIM_PrescalerConfig                      0x0800836f   Thumb Code     6  stm32f10x_tim.o(.text)
    TIM_CounterModeConfig                    0x08008375   Thumb Code    18  stm32f10x_tim.o(.text)
    TIM_EncoderInterfaceConfig               0x08008387   Thumb Code    66  stm32f10x_tim.o(.text)
    TIM_ForcedOC1Config                      0x080083c9   Thumb Code    18  stm32f10x_tim.o(.text)
    TIM_ForcedOC2Config                      0x080083db   Thumb Code    26  stm32f10x_tim.o(.text)
    TIM_ForcedOC3Config                      0x080083f5   Thumb Code    18  stm32f10x_tim.o(.text)
    TIM_ForcedOC4Config                      0x08008407   Thumb Code    26  stm32f10x_tim.o(.text)
    TIM_ARRPreloadConfig                     0x08008421   Thumb Code    24  stm32f10x_tim.o(.text)
    TIM_SelectCOM                            0x08008439   Thumb Code    24  stm32f10x_tim.o(.text)
    TIM_SelectCCDMA                          0x08008451   Thumb Code    24  stm32f10x_tim.o(.text)
    TIM_CCPreloadControl                     0x08008469   Thumb Code    24  stm32f10x_tim.o(.text)
    TIM_OC1PreloadConfig                     0x08008481   Thumb Code    18  stm32f10x_tim.o(.text)
    TIM_OC2PreloadConfig                     0x08008493   Thumb Code    26  stm32f10x_tim.o(.text)
    TIM_OC3PreloadConfig                     0x080084ad   Thumb Code    18  stm32f10x_tim.o(.text)
    TIM_OC4PreloadConfig                     0x080084bf   Thumb Code    26  stm32f10x_tim.o(.text)
    TIM_OC1FastConfig                        0x080084d9   Thumb Code    18  stm32f10x_tim.o(.text)
    TIM_OC2FastConfig                        0x080084eb   Thumb Code    26  stm32f10x_tim.o(.text)
    TIM_OC3FastConfig                        0x08008505   Thumb Code    18  stm32f10x_tim.o(.text)
    TIM_OC4FastConfig                        0x08008517   Thumb Code    26  stm32f10x_tim.o(.text)
    TIM_ClearOC1Ref                          0x08008531   Thumb Code    18  stm32f10x_tim.o(.text)
    TIM_ClearOC2Ref                          0x08008543   Thumb Code    24  stm32f10x_tim.o(.text)
    TIM_ClearOC3Ref                          0x0800855b   Thumb Code    18  stm32f10x_tim.o(.text)
    TIM_ClearOC4Ref                          0x0800856d   Thumb Code    24  stm32f10x_tim.o(.text)
    TIM_OC1PolarityConfig                    0x08008585   Thumb Code    18  stm32f10x_tim.o(.text)
    TIM_OC1NPolarityConfig                   0x08008597   Thumb Code    18  stm32f10x_tim.o(.text)
    TIM_OC2PolarityConfig                    0x080085a9   Thumb Code    26  stm32f10x_tim.o(.text)
    TIM_OC2NPolarityConfig                   0x080085c3   Thumb Code    26  stm32f10x_tim.o(.text)
    TIM_OC3PolarityConfig                    0x080085dd   Thumb Code    26  stm32f10x_tim.o(.text)
    TIM_OC3NPolarityConfig                   0x080085f7   Thumb Code    26  stm32f10x_tim.o(.text)
    TIM_OC4PolarityConfig                    0x08008611   Thumb Code    26  stm32f10x_tim.o(.text)
    TIM_CCxCmd                               0x0800862b   Thumb Code    30  stm32f10x_tim.o(.text)
    TIM_CCxNCmd                              0x08008649   Thumb Code    30  stm32f10x_tim.o(.text)
    TIM_SelectOCxM                           0x08008667   Thumb Code    82  stm32f10x_tim.o(.text)
    TIM_UpdateDisableConfig                  0x080086b9   Thumb Code    24  stm32f10x_tim.o(.text)
    TIM_UpdateRequestConfig                  0x080086d1   Thumb Code    24  stm32f10x_tim.o(.text)
    TIM_SelectHallSensor                     0x080086e9   Thumb Code    24  stm32f10x_tim.o(.text)
    TIM_SelectOnePulseMode                   0x08008701   Thumb Code    18  stm32f10x_tim.o(.text)
    TIM_SelectOutputTrigger                  0x08008713   Thumb Code    18  stm32f10x_tim.o(.text)
    TIM_SelectSlaveMode                      0x08008725   Thumb Code    18  stm32f10x_tim.o(.text)
    TIM_SelectMasterSlaveMode                0x08008737   Thumb Code    18  stm32f10x_tim.o(.text)
    TIM_SetCounter                           0x08008749   Thumb Code     4  stm32f10x_tim.o(.text)
    TIM_SetAutoreload                        0x0800874d   Thumb Code     4  stm32f10x_tim.o(.text)
    TIM_SetCompare1                          0x08008751   Thumb Code     4  stm32f10x_tim.o(.text)
    TIM_SetCompare2                          0x08008755   Thumb Code     4  stm32f10x_tim.o(.text)
    TIM_SetCompare3                          0x08008759   Thumb Code     4  stm32f10x_tim.o(.text)
    TIM_SetCompare4                          0x0800875d   Thumb Code     6  stm32f10x_tim.o(.text)
    TIM_SetClockDivision                     0x08008763   Thumb Code    18  stm32f10x_tim.o(.text)
    TIM_GetCapture1                          0x08008775   Thumb Code     6  stm32f10x_tim.o(.text)
    TIM_GetCapture2                          0x0800877b   Thumb Code     6  stm32f10x_tim.o(.text)
    TIM_GetCapture3                          0x08008781   Thumb Code     6  stm32f10x_tim.o(.text)
    TIM_GetCapture4                          0x08008787   Thumb Code     8  stm32f10x_tim.o(.text)
    TIM_GetCounter                           0x0800878f   Thumb Code     6  stm32f10x_tim.o(.text)
    TIM_GetPrescaler                         0x08008795   Thumb Code     6  stm32f10x_tim.o(.text)
    TIM_GetFlagStatus                        0x0800879b   Thumb Code    18  stm32f10x_tim.o(.text)
    TIM_ClearFlag                            0x080087ad   Thumb Code     6  stm32f10x_tim.o(.text)
    TIM_GetITStatus                          0x080087b3   Thumb Code    34  stm32f10x_tim.o(.text)
    TIM_ClearITPendingBit                    0x080087d5   Thumb Code     6  stm32f10x_tim.o(.text)
    USART_DeInit                             0x080087dd   Thumb Code   134  stm32f10x_usart.o(.text)
    USART_Init                               0x08008863   Thumb Code   210  stm32f10x_usart.o(.text)
    USART_StructInit                         0x08008935   Thumb Code    24  stm32f10x_usart.o(.text)
    USART_ClockInit                          0x0800894d   Thumb Code    34  stm32f10x_usart.o(.text)
    USART_ClockStructInit                    0x0800896f   Thumb Code    12  stm32f10x_usart.o(.text)
    USART_Cmd                                0x0800897b   Thumb Code    24  stm32f10x_usart.o(.text)
    USART_ITConfig                           0x08008993   Thumb Code    74  stm32f10x_usart.o(.text)
    USART_DMACmd                             0x080089dd   Thumb Code    18  stm32f10x_usart.o(.text)
    USART_SetAddress                         0x080089ef   Thumb Code    18  stm32f10x_usart.o(.text)
    USART_WakeUpConfig                       0x08008a01   Thumb Code    18  stm32f10x_usart.o(.text)
    USART_ReceiverWakeUpCmd                  0x08008a13   Thumb Code    24  stm32f10x_usart.o(.text)
    USART_LINBreakDetectLengthConfig         0x08008a2b   Thumb Code    18  stm32f10x_usart.o(.text)
    USART_LINCmd                             0x08008a3d   Thumb Code    24  stm32f10x_usart.o(.text)
    USART_SendData                           0x08008a55   Thumb Code     8  stm32f10x_usart.o(.text)
    USART_ReceiveData                        0x08008a5d   Thumb Code    10  stm32f10x_usart.o(.text)
    USART_SendBreak                          0x08008a67   Thumb Code    10  stm32f10x_usart.o(.text)
    USART_SetGuardTime                       0x08008a71   Thumb Code    16  stm32f10x_usart.o(.text)
    USART_SetPrescaler                       0x08008a81   Thumb Code    16  stm32f10x_usart.o(.text)
    USART_SmartCardCmd                       0x08008a91   Thumb Code    24  stm32f10x_usart.o(.text)
    USART_SmartCardNACKCmd                   0x08008aa9   Thumb Code    24  stm32f10x_usart.o(.text)
    USART_HalfDuplexCmd                      0x08008ac1   Thumb Code    24  stm32f10x_usart.o(.text)
    USART_OverSampling8Cmd                   0x08008ad9   Thumb Code    22  stm32f10x_usart.o(.text)
    USART_OneBitMethodCmd                    0x08008aef   Thumb Code    24  stm32f10x_usart.o(.text)
    USART_IrDAConfig                         0x08008b07   Thumb Code    18  stm32f10x_usart.o(.text)
    USART_IrDACmd                            0x08008b19   Thumb Code    24  stm32f10x_usart.o(.text)
    USART_GetFlagStatus                      0x08008b31   Thumb Code    26  stm32f10x_usart.o(.text)
    USART_ClearFlag                          0x08008b4b   Thumb Code    18  stm32f10x_usart.o(.text)
    USART_GetITStatus                        0x08008b5d   Thumb Code    84  stm32f10x_usart.o(.text)
    USART_ClearITPendingBit                  0x08008bb1   Thumb Code    52  stm32f10x_usart.o(.text)
    ADC_DeInit                               0x08008be5   Thumb Code    78  stm32f10x_adc.o(.text)
    ADC_Init                                 0x08008c33   Thumb Code    70  stm32f10x_adc.o(.text)
    ADC_StructInit                           0x08008c79   Thumb Code    18  stm32f10x_adc.o(.text)
    ADC_Cmd                                  0x08008c8b   Thumb Code    22  stm32f10x_adc.o(.text)
    ADC_DMACmd                               0x08008ca1   Thumb Code    22  stm32f10x_adc.o(.text)
    ADC_ITConfig                             0x08008cb7   Thumb Code    24  stm32f10x_adc.o(.text)
    ADC_ResetCalibration                     0x08008ccf   Thumb Code    10  stm32f10x_adc.o(.text)
    ADC_GetResetCalibrationStatus            0x08008cd9   Thumb Code    20  stm32f10x_adc.o(.text)
    ADC_StartCalibration                     0x08008ced   Thumb Code    10  stm32f10x_adc.o(.text)
    ADC_GetCalibrationStatus                 0x08008cf7   Thumb Code    20  stm32f10x_adc.o(.text)
    ADC_SoftwareStartConvCmd                 0x08008d0b   Thumb Code    22  stm32f10x_adc.o(.text)
    ADC_GetSoftwareStartConvStatus           0x08008d21   Thumb Code    20  stm32f10x_adc.o(.text)
    ADC_DiscModeChannelCountConfig           0x08008d35   Thumb Code    24  stm32f10x_adc.o(.text)
    ADC_DiscModeCmd                          0x08008d4d   Thumb Code    22  stm32f10x_adc.o(.text)
    ADC_RegularChannelConfig                 0x08008d63   Thumb Code   184  stm32f10x_adc.o(.text)
    ADC_ExternalTrigConvCmd                  0x08008e1b   Thumb Code    22  stm32f10x_adc.o(.text)
    ADC_GetConversionValue                   0x08008e31   Thumb Code     8  stm32f10x_adc.o(.text)
    ADC_GetDualModeConversionValue           0x08008e39   Thumb Code     8  stm32f10x_adc.o(.text)
    ADC_AutoInjectedConvCmd                  0x08008e41   Thumb Code    22  stm32f10x_adc.o(.text)
    ADC_InjectedDiscModeCmd                  0x08008e57   Thumb Code    22  stm32f10x_adc.o(.text)
    ADC_ExternalTrigInjectedConvConfig       0x08008e6d   Thumb Code    16  stm32f10x_adc.o(.text)
    ADC_ExternalTrigInjectedConvCmd          0x08008e7d   Thumb Code    22  stm32f10x_adc.o(.text)
    ADC_SoftwareStartInjectedConvCmd         0x08008e93   Thumb Code    22  stm32f10x_adc.o(.text)
    ADC_GetSoftwareStartInjectedConvCmdStatus 0x08008ea9   Thumb Code    20  stm32f10x_adc.o(.text)
    ADC_InjectedChannelConfig                0x08008ebd   Thumb Code   130  stm32f10x_adc.o(.text)
    ADC_InjectedSequencerLengthConfig        0x08008f3f   Thumb Code    24  stm32f10x_adc.o(.text)
    ADC_SetInjectedOffset                    0x08008f57   Thumb Code    20  stm32f10x_adc.o(.text)
    ADC_GetInjectedConversionValue           0x08008f6b   Thumb Code    28  stm32f10x_adc.o(.text)
    ADC_AnalogWatchdogCmd                    0x08008f87   Thumb Code    16  stm32f10x_adc.o(.text)
    ADC_AnalogWatchdogThresholdsConfig       0x08008f97   Thumb Code     6  stm32f10x_adc.o(.text)
    ADC_AnalogWatchdogSingleChannelConfig    0x08008f9d   Thumb Code    16  stm32f10x_adc.o(.text)
    ADC_TempSensorVrefintCmd                 0x08008fad   Thumb Code    64  stm32f10x_adc.o(.text)
    ADC_GetFlagStatus                        0x08008fed   Thumb Code    18  stm32f10x_adc.o(.text)
    ADC_ClearFlag                            0x08008fff   Thumb Code     6  stm32f10x_adc.o(.text)
    ADC_GetITStatus                          0x08009005   Thumb Code    36  stm32f10x_adc.o(.text)
    ADC_ClearITPendingBit                    0x08009029   Thumb Code    10  stm32f10x_adc.o(.text)
    DMA_DeInit                               0x08009035   Thumb Code   324  stm32f10x_dma.o(.text)
    DMA_Init                                 0x08009179   Thumb Code    60  stm32f10x_dma.o(.text)
    DMA_StructInit                           0x080091b5   Thumb Code    26  stm32f10x_dma.o(.text)
    DMA_Cmd                                  0x080091cf   Thumb Code    24  stm32f10x_dma.o(.text)
    DMA_ITConfig                             0x080091e7   Thumb Code    18  stm32f10x_dma.o(.text)
    DMA_SetCurrDataCounter                   0x080091f9   Thumb Code     4  stm32f10x_dma.o(.text)
    DMA_GetCurrDataCounter                   0x080091fd   Thumb Code     8  stm32f10x_dma.o(.text)
    DMA_GetFlagStatus                        0x08009205   Thumb Code    40  stm32f10x_dma.o(.text)
    DMA_ClearFlag                            0x0800922d   Thumb Code    22  stm32f10x_dma.o(.text)
    DMA_GetITStatus                          0x08009243   Thumb Code    40  stm32f10x_dma.o(.text)
    DMA_ClearITPendingBit                    0x0800926b   Thumb Code    22  stm32f10x_dma.o(.text)
    Standard_GetConfiguration                0x08009289   Thumb Code    34  usb_core.o(.text)
    Standard_SetConfiguration                0x080092ab   Thumb Code    60  usb_core.o(.text)
    Standard_GetInterface                    0x080092e7   Thumb Code    34  usb_core.o(.text)
    Standard_SetInterface                    0x08009309   Thumb Code    96  usb_core.o(.text)
    Standard_GetStatus                       0x08009369   Thumb Code   224  usb_core.o(.text)
    Standard_ClearFeature                    0x08009449   Thumb Code   326  usb_core.o(.text)
    Standard_SetEndPointFeature              0x0800958f   Thumb Code   176  usb_core.o(.text)
    Standard_SetDeviceFeature                0x0800963f   Thumb Code    30  usb_core.o(.text)
    Standard_GetDescriptorData               0x0800965d   Thumb Code    62  usb_core.o(.text)
    Post0_Process                            0x08009bb9   Thumb Code    54  usb_core.o(.text)
    Setup0_Process                           0x08009bef   Thumb Code   162  usb_core.o(.text)
    SetDeviceAddress                         0x08009c91   Thumb Code    64  usb_core.o(.text)
    In0_Process                              0x08009cd1   Thumb Code    98  usb_core.o(.text)
    Out0_Process                             0x08009d33   Thumb Code    70  usb_core.o(.text)
    NOP_Process                              0x08009d79   Thumb Code     2  usb_core.o(.text)
    USB_Init                                 0x08009da9   Thumb Code    36  usb_init.o(.text)
    CTR_LP                                   0x08009de5   Thumb Code   774  usb_int.o(.text)
    CTR_HP                                   0x0800a0eb   Thumb Code   174  usb_int.o(.text)
    UserToPMABufferCopy                      0x0800a1b9   Thumb Code    52  usb_mem.o(.text)
    PMAToUserBufferCopy                      0x0800a1ed   Thumb Code    34  usb_mem.o(.text)
    SetCNTR                                  0x0800a215   Thumb Code     6  usb_regs.o(.text)
    GetCNTR                                  0x0800a21b   Thumb Code     8  usb_regs.o(.text)
    SetISTR                                  0x0800a223   Thumb Code     8  usb_regs.o(.text)
    GetISTR                                  0x0800a22b   Thumb Code    10  usb_regs.o(.text)
    GetFNR                                   0x0800a235   Thumb Code    10  usb_regs.o(.text)
    SetDADDR                                 0x0800a23f   Thumb Code     8  usb_regs.o(.text)
    GetDADDR                                 0x0800a247   Thumb Code    10  usb_regs.o(.text)
    SetBTABLE                                0x0800a251   Thumb Code    14  usb_regs.o(.text)
    GetBTABLE                                0x0800a25f   Thumb Code    10  usb_regs.o(.text)
    SetENDPOINT                              0x0800a269   Thumb Code    12  usb_regs.o(.text)
    GetENDPOINT                              0x0800a275   Thumb Code    16  usb_regs.o(.text)
    SetEPType                                0x0800a285   Thumb Code    32  usb_regs.o(.text)
    GetEPType                                0x0800a2a5   Thumb Code    18  usb_regs.o(.text)
    SetEPTxStatus                            0x0800a2b7   Thumb Code    52  usb_regs.o(.text)
    SetEPRxStatus                            0x0800a2eb   Thumb Code    52  usb_regs.o(.text)
    SetDouBleBuffEPStall                     0x0800a31f   Thumb Code    54  usb_regs.o(.text)
    GetEPTxStatus                            0x0800a355   Thumb Code    18  usb_regs.o(.text)
    GetEPRxStatus                            0x0800a367   Thumb Code    18  usb_regs.o(.text)
    SetEPTxValid                             0x0800a379   Thumb Code    38  usb_regs.o(.text)
    SetEPRxValid                             0x0800a39f   Thumb Code    38  usb_regs.o(.text)
    SetEP_KIND                               0x0800a3c5   Thumb Code    32  usb_regs.o(.text)
    ClearEP_KIND                             0x0800a3e5   Thumb Code    28  usb_regs.o(.text)
    Clear_Status_Out                         0x0800a401   Thumb Code    28  usb_regs.o(.text)
    Set_Status_Out                           0x0800a41d   Thumb Code    32  usb_regs.o(.text)
    SetEPDoubleBuff                          0x0800a43d   Thumb Code    32  usb_regs.o(.text)
    ClearEPDoubleBuff                        0x0800a45d   Thumb Code    28  usb_regs.o(.text)
    GetTxStallStatus                         0x0800a479   Thumb Code    28  usb_regs.o(.text)
    GetRxStallStatus                         0x0800a495   Thumb Code    30  usb_regs.o(.text)
    ClearEP_CTR_RX                           0x0800a4b3   Thumb Code    32  usb_regs.o(.text)
    ClearEP_CTR_TX                           0x0800a4d3   Thumb Code    28  usb_regs.o(.text)
    ToggleDTOG_RX                            0x0800a4ef   Thumb Code    32  usb_regs.o(.text)
    ToggleDTOG_TX                            0x0800a50f   Thumb Code    32  usb_regs.o(.text)
    ClearDTOG_RX                             0x0800a52f   Thumb Code    46  usb_regs.o(.text)
    ClearDTOG_TX                             0x0800a55d   Thumb Code    46  usb_regs.o(.text)
    SetEPAddress                             0x0800a58b   Thumb Code    32  usb_regs.o(.text)
    GetEPAddress                             0x0800a5ab   Thumb Code    18  usb_regs.o(.text)
    SetEPTxAddr                              0x0800a5bd   Thumb Code    26  usb_regs.o(.text)
    SetEPRxAddr                              0x0800a5d7   Thumb Code    42  usb_regs.o(.text)
    GetEPTxAddr                              0x0800a601   Thumb Code    22  usb_regs.o(.text)
    GetEPRxAddr                              0x0800a617   Thumb Code    24  usb_regs.o(.text)
    SetEPTxCount                             0x0800a62f   Thumb Code    20  usb_regs.o(.text)
    SetEPCountRxReg                          0x0800a643   Thumb Code    48  usb_regs.o(.text)
    SetEPRxCount                             0x0800a673   Thumb Code    68  usb_regs.o(.text)
    GetEPTxCount                             0x0800a6b7   Thumb Code    26  usb_regs.o(.text)
    GetEPRxCount                             0x0800a6d1   Thumb Code    26  usb_regs.o(.text)
    SetEPDblBuffAddr                         0x0800a6eb   Thumb Code    44  usb_regs.o(.text)
    SetEPDblBuf0Addr                         0x0800a717   Thumb Code    24  usb_regs.o(.text)
    SetEPDblBuf1Addr                         0x0800a72f   Thumb Code    26  usb_regs.o(.text)
    GetEPDblBuf0Addr                         0x0800a749   Thumb Code    22  usb_regs.o(.text)
    GetEPDblBuf1Addr                         0x0800a75f   Thumb Code    24  usb_regs.o(.text)
    SetEPDblBuffCount                        0x0800a777   Thumb Code   186  usb_regs.o(.text)
    SetEPDblBuf0Count                        0x0800a831   Thumb Code    96  usb_regs.o(.text)
    SetEPDblBuf1Count                        0x0800a891   Thumb Code    96  usb_regs.o(.text)
    GetEPDblBuf0Count                        0x0800a8f1   Thumb Code    26  usb_regs.o(.text)
    GetEPDblBuf1Count                        0x0800a90b   Thumb Code    26  usb_regs.o(.text)
    GetEPDblBufDir                           0x0800a925   Thumb Code    62  usb_regs.o(.text)
    FreeUserBuffer                           0x0800a963   Thumb Code    74  usb_regs.o(.text)
    ToWord                                   0x0800a9ad   Thumb Code     8  usb_regs.o(.text)
    ByteSwap                                 0x0800a9b5   Thumb Code    12  usb_regs.o(.text)
    Set_USBClock                             0x0800a9cd   Thumb Code    36  usb_config.o(.text)
    Enter_LowPowerMode                       0x0800a9f1   Thumb Code     8  usb_config.o(.text)
    Leave_LowPowerMode                       0x0800a9f9   Thumb Code    22  usb_config.o(.text)
    USB_Interrupts_Config                    0x0800aa0f   Thumb Code    34  usb_config.o(.text)
    USB_Cable_Config                         0x0800aa31   Thumb Code     2  usb_config.o(.text)
    USB_GPIO_Configuration                   0x0800aa33   Thumb Code     2  usb_config.o(.text)
    DisableClock                             0x0800aa35   Thumb Code    22  usb_config.o(.text)
    Get_SerialNum                            0x0800aa4b   Thumb Code    62  usb_config.o(.text)
    USB_Connect                              0x0800aa89   Thumb Code    78  usb_config.o(.text)
    EP1_OUT_Callback                         0x0800aaf9   Thumb Code    28  usb_endp.o(.text)
    EP2_IN_Callback                          0x0800ab15   Thumb Code    20  usb_endp.o(.text)
    USB_Istr                                 0x0800ab35   Thumb Code   222  usb_istr.o(.text)
    CustomHID_init                           0x0800ac2d   Thumb Code    50  usb_prop.o(.text)
    CustomHID_Reset                          0x0800ac5f   Thumb Code   176  usb_prop.o(.text)
    CustomHID_SetConfiguration               0x0800ad0f   Thumb Code    16  usb_prop.o(.text)
    CustomHID_SetDeviceAddress               0x0800ad1f   Thumb Code     8  usb_prop.o(.text)
    CustomHID_Status_In                      0x0800ad27   Thumb Code     2  usb_prop.o(.text)
    CustomHID_Status_Out                     0x0800ad29   Thumb Code     2  usb_prop.o(.text)
    CustomHID_GetProtocolValue               0x0800ad2b   Thumb Code    20  usb_prop.o(.text)
    CustomHID_GetHIDDescriptor               0x0800ad3f   Thumb Code    14  usb_prop.o(.text)
    CustomHID_GetReportDescriptor            0x0800ad4d   Thumb Code    14  usb_prop.o(.text)
    CustomHID_Data_Setup                     0x0800ad5b   Thumb Code   114  usb_prop.o(.text)
    CustomHID_SetProtocol                    0x0800adcd   Thumb Code    14  usb_prop.o(.text)
    CustomHID_NoData_Setup                   0x0800addb   Thumb Code    32  usb_prop.o(.text)
    CustomHID_GetDeviceDescriptor            0x0800adfb   Thumb Code    14  usb_prop.o(.text)
    CustomHID_GetConfigDescriptor            0x0800ae09   Thumb Code    14  usb_prop.o(.text)
    CustomHID_GetStringDescriptor            0x0800ae17   Thumb Code    32  usb_prop.o(.text)
    CustomHID_Get_Interface_Setting          0x0800ae37   Thumb Code    22  usb_prop.o(.text)
    PowerOn                                  0x0800ae7d   Thumb Code    54  usb_pwr.o(.text)
    PowerOff                                 0x0800aeb3   Thumb Code    28  usb_pwr.o(.text)
    Suspend                                  0x0800aecf   Thumb Code    34  usb_pwr.o(.text)
    Resume_Init                              0x0800aef1   Thumb Code    30  usb_pwr.o(.text)
    Resume                                   0x0800af0f   Thumb Code   168  usb_pwr.o(.text)
    __aeabi_memcpy                           0x0800afc5   Thumb Code    36  memcpya.o(.text)
    __aeabi_memcpy4                          0x0800afc5   Thumb Code     0  memcpya.o(.text)
    __aeabi_memcpy8                          0x0800afc5   Thumb Code     0  memcpya.o(.text)
    memcmp                                   0x0800afe9   Thumb Code    26  memcmp.o(.text)
    __aeabi_fadd                             0x0800b003   Thumb Code   164  fadd.o(.text)
    __aeabi_fsub                             0x0800b0a7   Thumb Code     6  fadd.o(.text)
    __aeabi_frsub                            0x0800b0ad   Thumb Code     6  fadd.o(.text)
    __aeabi_fmul                             0x0800b0b3   Thumb Code   100  fmul.o(.text)
    __aeabi_fdiv                             0x0800b117   Thumb Code   124  fdiv.o(.text)
    __aeabi_dadd                             0x0800b193   Thumb Code   322  dadd.o(.text)
    __aeabi_dsub                             0x0800b2d5   Thumb Code     6  dadd.o(.text)
    __aeabi_drsub                            0x0800b2db   Thumb Code     6  dadd.o(.text)
    __aeabi_dmul                             0x0800b2e1   Thumb Code   228  dmul.o(.text)
    __aeabi_ddiv                             0x0800b3c5   Thumb Code   222  ddiv.o(.text)
    __aeabi_i2f                              0x0800b4a3   Thumb Code    18  fflti.o(.text)
    __aeabi_ui2f                             0x0800b4b5   Thumb Code    10  ffltui.o(.text)
    __aeabi_i2d                              0x0800b4bf   Thumb Code    34  dflti.o(.text)
    __aeabi_f2iz                             0x0800b4e1   Thumb Code    50  ffixi.o(.text)
    __aeabi_f2uiz                            0x0800b513   Thumb Code    40  ffixui.o(.text)
    __aeabi_d2iz                             0x0800b53b   Thumb Code    62  dfixi.o(.text)
    __aeabi_d2uiz                            0x0800b579   Thumb Code    50  dfixui.o(.text)
    __aeabi_f2d                              0x0800b5ab   Thumb Code    38  f2d.o(.text)
    __aeabi_cdcmpeq                          0x0800b5d1   Thumb Code     0  cdcmple.o(.text)
    __aeabi_cdcmple                          0x0800b5d1   Thumb Code    48  cdcmple.o(.text)
    __aeabi_cdrcmple                         0x0800b601   Thumb Code    48  cdrcmple.o(.text)
    __aeabi_cfcmpeq                          0x0800b631   Thumb Code     0  cfcmple.o(.text)
    __aeabi_cfcmple                          0x0800b631   Thumb Code    20  cfcmple.o(.text)
    __aeabi_cfrcmple                         0x0800b645   Thumb Code    20  cfrcmple.o(.text)
    __aeabi_uidiv                            0x0800b659   Thumb Code     0  uidiv.o(.text)
    __aeabi_uidivmod                         0x0800b659   Thumb Code    44  uidiv.o(.text)
    __aeabi_uldivmod                         0x0800b685   Thumb Code    98  uldiv.o(.text)
    __aeabi_llsl                             0x0800b6e7   Thumb Code    30  llshl.o(.text)
    _ll_shift_l                              0x0800b6e7   Thumb Code     0  llshl.o(.text)
    __aeabi_llsr                             0x0800b705   Thumb Code    32  llushr.o(.text)
    _ll_ushift_r                             0x0800b705   Thumb Code     0  llushr.o(.text)
    __aeabi_lasr                             0x0800b725   Thumb Code    36  llsshr.o(.text)
    _ll_sshift_r                             0x0800b725   Thumb Code     0  llsshr.o(.text)
    __I$use$fp                               0x0800b749   Thumb Code     0  iusefp.o(.text)
    _float_round                             0x0800b749   Thumb Code    18  fepilogue.o(.text)
    _float_epilogue                          0x0800b75b   Thumb Code    92  fepilogue.o(.text)
    _double_round                            0x0800b7b7   Thumb Code    30  depilogue.o(.text)
    _double_epilogue                         0x0800b7d5   Thumb Code   156  depilogue.o(.text)
    __aeabi_d2ulz                            0x0800b871   Thumb Code    48  dfixul.o(.text)
    __scatterload                            0x0800b8a1   Thumb Code    28  init.o(.text)
    __scatterload_rt2                        0x0800b8a1   Thumb Code     0  init.o(.text)
    __ARM_scalbn                             0x0800b8c5   Thumb Code    46  dscalb.o(.text)
    scalbn                                   0x0800b8c5   Thumb Code     0  dscalb.o(.text)
    __aeabi_ui2d                             0x0800b8f3   Thumb Code    26  dfltui.o(.text)
    __decompress                             0x0800b90d   Thumb Code     0  __dczerorl2.o(.text)
    __decompress1                            0x0800b90d   Thumb Code    86  __dczerorl2.o(.text)
    __0sprintf                               0x0800b965   Thumb Code    34  printfa.o(i.__0sprintf)
    __1sprintf                               0x0800b965   Thumb Code     0  printfa.o(i.__0sprintf)
    __2sprintf                               0x0800b965   Thumb Code     0  printfa.o(i.__0sprintf)
    __c89sprintf                             0x0800b965   Thumb Code     0  printfa.o(i.__0sprintf)
    sprintf                                  0x0800b965   Thumb Code     0  printfa.o(i.__0sprintf)
    __ARM_fpclassify                         0x0800b98d   Thumb Code    40  fpclassify.o(i.__ARM_fpclassify)
    __ieee754_rem_pio2                       0x0800b9b5   Thumb Code   828  rred.o(i.__ieee754_rem_pio2)
    __kernel_cos                             0x0800bd3d   Thumb Code   230  cos_i.o(i.__kernel_cos)
    __kernel_poly                            0x0800be39   Thumb Code   170  poly.o(i.__kernel_poly)
    __kernel_sin                             0x0800bee5   Thumb Code   224  sin_i.o(i.__kernel_sin)
    __mathlib_dbl_infnan                     0x0800bfd1   Thumb Code     6  dunder.o(i.__mathlib_dbl_infnan)
    __mathlib_dbl_invalid                    0x0800bfd7   Thumb Code    12  dunder.o(i.__mathlib_dbl_invalid)
    __mathlib_dbl_underflow                  0x0800bfe5   Thumb Code    10  dunder.o(i.__mathlib_dbl_underflow)
    __scatterload_copy                       0x0800bff5   Thumb Code    14  handlers.o(i.__scatterload_copy)
    __scatterload_null                       0x0800c003   Thumb Code     2  handlers.o(i.__scatterload_null)
    __scatterload_zeroinit                   0x0800c005   Thumb Code    14  handlers.o(i.__scatterload_zeroinit)
    __set_errno                              0x0800c015   Thumb Code     6  errno.o(i.__set_errno)
    sin                                      0x0800c8bd   Thumb Code   150  sin.o(i.sin)
    oled_asc2_1206                           0x0800c95c   Data        1140  oledfont.o(.constdata)
    oled_asc2_1608                           0x0800cdd0   Data        1520  oledfont.o(.constdata)
    oled_CH_1616                             0x0800d3c0   Data         648  oledfont.o(.constdata)
    oled_CH0                                 0x0800d648   Data         216  oledfont.o(.constdata)
    oled_CH1                                 0x0800d720   Data         120  oledfont.o(.constdata)
    oled_CH2                                 0x0800d798   Data         120  oledfont.o(.constdata)
    oled_CH3                                 0x0800d810   Data         120  oledfont.o(.constdata)
    oled_CH4                                 0x0800d888   Data         120  oledfont.o(.constdata)
    oled_CH5                                 0x0800d900   Data         216  oledfont.o(.constdata)
    oled_CH6                                 0x0800d9d8   Data         108  oledfont.o(.constdata)
    oled_CH7                                 0x0800da44   Data          96  oledfont.o(.constdata)
    oled_CH8                                 0x0800daa4   Data         120  oledfont.o(.constdata)
    oled_CH9                                 0x0800db1c   Data         144  oledfont.o(.constdata)
    oled_CH10                                0x0800dbac   Data          48  oledfont.o(.constdata)
    oled_CH11                                0x0800dbdc   Data          48  oledfont.o(.constdata)
    oled_CH12                                0x0800dc0c   Data          72  oledfont.o(.constdata)
    oled_CH13                                0x0800dc54   Data          72  oledfont.o(.constdata)
    oled_CH14                                0x0800dc9c   Data         120  oledfont.o(.constdata)
    oled_CH15                                0x0800dd14   Data         168  oledfont.o(.constdata)
    oled_CH16                                0x0800ddbc   Data         144  oledfont.o(.constdata)
    oled_CH17                                0x0800de4c   Data         144  oledfont.o(.constdata)
    oled_CH18                                0x0800dedc   Data         120  oledfont.o(.constdata)
    oled_CH19                                0x0800df54   Data         120  oledfont.o(.constdata)
    oled_CH20                                0x0800dfcc   Data          96  oledfont.o(.constdata)
    oled_CH21                                0x0800e02c   Data         216  oledfont.o(.constdata)
    oled_CH22                                0x0800e104   Data         240  oledfont.o(.constdata)
    oled_CH23                                0x0800e1f4   Data          48  oledfont.o(.constdata)
    oled_CH24                                0x0800e224   Data          48  oledfont.o(.constdata)
    oled_CH25                                0x0800e254   Data          48  oledfont.o(.constdata)
    oled_CH26                                0x0800e284   Data          72  oledfont.o(.constdata)
    oled_CH27                                0x0800e2cc   Data          48  oledfont.o(.constdata)
    oled_CH28                                0x0800e2fc   Data          48  oledfont.o(.constdata)
    oled_CH29                                0x0800e32c   Data         120  oledfont.o(.constdata)
    CustomHID_DeviceDescriptor               0x0800e3a4   Data          18  usb_desc.o(.constdata)
    CustomHID_ConfigDescriptor               0x0800e3b6   Data          41  usb_desc.o(.constdata)
    CustomHID_ReportDescriptor               0x0800e3df   Data          33  usb_desc.o(.constdata)
    CustomHID_StringLangID                   0x0800e400   Data           4  usb_desc.o(.constdata)
    CustomHID_StringVendor                   0x0800e404   Data          20  usb_desc.o(.constdata)
    CustomHID_StringProduct                  0x0800e418   Data          18  usb_desc.o(.constdata)
    Region$$Table$$Base                      0x0800e550   Number         0  anon$$obj.o(Region$$Table)
    Region$$Table$$Limit                     0x0800e570   Number         0  anon$$obj.o(Region$$Table)
    NRF_ENABLE                               0x20000000   Data           1  main.o(.data)
    cnt_test                                 0x20000002   Data           2  main.o(.data)
    S_cnt_2ms                                0x20000004   Data           2  ano_scheduler.o(.data)
    S_cnt_4ms                                0x20000006   Data           2  ano_scheduler.o(.data)
    S_cnt_10ms                               0x20000008   Data           2  ano_scheduler.o(.data)
    S_cnt_20ms                               0x2000000a   Data           2  ano_scheduler.o(.data)
    S_cnt_50ms                               0x2000000c   Data           2  ano_scheduler.o(.data)
    S_cnt_1000ms                             0x2000000e   Data           2  ano_scheduler.o(.data)
    S_cnt                                    0x20000010   Data           2  ano_scheduler.o(.data)
    status                                   0x20000028   Data           1  oled_i2c.o(.data)
    Show                                     0x2000002c   Data         100  show.o(.data)
    i                                        0x20000090   Data           1  show.o(.data)
    Send_Count                               0x20000091   Data           1  show.o(.data)
    Vol                                      0x20000094   Data           4  show.o(.data)
    detail_bit                               0x20000098   Data           2  show.o(.data)
    detail_max                               0x2000009a   Data           2  show.o(.data)
    set_bit                                  0x2000009c   Data           2  show.o(.data)
    set_max                                  0x2000009e   Data           2  show.o(.data)
    set_temp                                 0x200000a0   Data           2  show.o(.data)
    test_bit                                 0x200000a2   Data           2  show.o(.data)
    test_max                                 0x200000a4   Data           2  show.o(.data)
    test_temp                                0x200000a6   Data           2  show.o(.data)
    menu_bit                                 0x200000a8   Data           2  show.o(.data)
    menu_max                                 0x200000aa   Data           2  show.o(.data)
    send_flag                                0x200000ac   Data           1  show.o(.data)
    time_tmp                                 0x200000b0   Data           4  show.o(.data)
    time_ms                                  0x200000b4   Data           2  show.o(.data)
    time_ms1                                 0x200000b6   Data           2  show.o(.data)
    SysTick_count                            0x200000d4   Data           4  board.o(.data)
    SysTick_count_2ms                        0x200000d8   Data           4  board.o(.data)
    light                                    0x200000dc   Data           4  ano_drv_led.o(.data)
    TX_ADDRESS                               0x200000e0   Data           5  ano_drv_nrf24l01.o(.data)
    RX_ADDRESS                               0x200000e5   Data           5  ano_drv_nrf24l01.o(.data)
    RX_LEN                                   0x200000ea   Data           1  ano_drv_nrf24l01.o(.data)
    Check_Ch                                 0x200000eb   Data           1  ano_drv_nrf24l01.o(.data)
    NRF_SSI                                  0x200000ec   Data           2  ano_drv_nrf24l01.o(.data)
    NRF_SSI_CNT                              0x200000ee   Data           2  ano_drv_nrf24l01.o(.data)
    NRF_Evnet                                0x200000f0   Data           1  ano_drv_nrf24l01.o(.data)
    TxCounter                                0x200000f1   Data           1  ano_drv_uart.o(.data)
    count                                    0x200000f2   Data           1  ano_drv_uart.o(.data)
    HID_SEND_TIMEOUT                         0x200000f6   Data           1  ano_drv_hid.o(.data)
    hid_datatemp_begin                       0x200000f7   Data           1  ano_drv_hid.o(.data)
    hid_datatemp_end                         0x200000f8   Data           1  ano_drv_hid.o(.data)
    no_delay                                 0x200000f9   Data           1  ano_drv_hid.o(.data)
    Mode                                     0x200000fc   Data           1  key.o(.data)
    Fun                                      0x200000fd   Data           1  key.o(.data)
    xy_set                                   0x200000fe   Data           1  key.o(.data)
    SystemCoreClock                          0x2000012c   Data           4  system_stm32f10x.o(.data)
    AHBPrescTable                            0x20000130   Data          16  system_stm32f10x.o(.data)
    StatusInfo                               0x20000154   Data           2  usb_core.o(.data)
    Data_Mul_MaxPacketSize                   0x20000156   Data           1  usb_core.o(.data)
    EPindex                                  0x20000158   Data           1  usb_init.o(.data)
    pInformation                             0x2000015c   Data           4  usb_init.o(.data)
    pProperty                                0x20000160   Data           4  usb_init.o(.data)
    SaveState                                0x20000164   Data           2  usb_init.o(.data)
    wInterrupt_Mask                          0x20000166   Data           2  usb_init.o(.data)
    pUser_Standard_Requests                  0x20000168   Data           4  usb_init.o(.data)
    SaveRState                               0x2000016c   Data           2  usb_int.o(.data)
    SaveTState                               0x2000016e   Data           2  usb_int.o(.data)
    CustomHID_StringSerial                   0x20000170   Data          26  usb_desc.o(.data)
    USB_ReceiveFlg                           0x2000018a   Data           1  usb_endp.o(.data)
    wIstr                                    0x2000018c   Data           2  usb_istr.o(.data)
    bIntPackSOF                              0x2000018e   Data           1  usb_istr.o(.data)
    pEpInt_IN                                0x20000190   Data          28  usb_istr.o(.data)
    pEpInt_OUT                               0x200001ac   Data          28  usb_istr.o(.data)
    ProtocolValue                            0x200001c8   Data           4  usb_prop.o(.data)
    Device_Table                             0x200001cc   Data           2  usb_prop.o(.data)
    Device_Property                          0x200001d0   Data          48  usb_prop.o(.data)
    User_Standard_Requests                   0x20000200   Data          36  usb_prop.o(.data)
    Device_Descriptor                        0x20000224   Data           8  usb_prop.o(.data)
    Config_Descriptor                        0x2000022c   Data           8  usb_prop.o(.data)
    CustomHID_Report_Descriptor              0x20000234   Data           8  usb_prop.o(.data)
    CustomHID_Hid_Descriptor                 0x2000023c   Data           8  usb_prop.o(.data)
    String_Descriptor                        0x20000244   Data          32  usb_prop.o(.data)
    bDeviceState                             0x20000264   Data           4  usb_pwr.o(.data)
    fSuspendEnabled                          0x20000268   Data           1  usb_pwr.o(.data)
    ResumeS                                  0x20000269   Data           2  usb_pwr.o(.data)
    _offset                                  0x20000270   Data          10  ano_stick.o(.bss)
    Rc                                       0x2000027a   Data          24  ano_stick.o(.bss)
    Stick                                    0x20000292   Data          10  ano_stick.o(.bss)
    Stick_dis                                0x2000029c   Data          10  ano_stick.o(.bss)
    Filter_THR                               0x200002a8   Data          24  ano_stick.o(.bss)
    Filter_PIT                               0x200002c0   Data          24  ano_stick.o(.bss)
    Filter_ROL                               0x200002d8   Data          24  ano_stick.o(.bss)
    Filter_YAW                               0x200002f0   Data          24  ano_stick.o(.bss)
    Filter_AUX1                              0x20000308   Data          24  ano_stick.o(.bss)
    Filter_AUX2                              0x20000320   Data          24  ano_stick.o(.bss)
    Filter_AUX3                              0x20000338   Data          24  ano_stick.o(.bss)
    Filter_AUX5                              0x20000350   Data          24  ano_stick.o(.bss)
    data_to_send                             0x20000368   Data          50  ano_dt.o(.bss)
    ANO_Param                                0x2000039a   Data          20  ano_param.o(.bss)
    OLED_GRAM                                0x200003ae   Data        1024  oled_i2c.o(.bss)
    NRF24L01_2_RXDATA                        0x200007c2   Data          32  ano_drv_nrf24l01.o(.bss)
    NRF24L01_2_TXDATA                        0x200007e2   Data          32  ano_drv_nrf24l01.o(.bss)
    TxBuffer                                 0x20000802   Data         256  ano_drv_uart.o(.bss)
    ADC_ConvertedValue                       0x20000a02   Data          18  ano_drv_adc.o(.bss)
    Hid_RxData                               0x20000a14   Data          64  ano_drv_hid.o(.bss)
    hid_datatemp                             0x20000a54   Data         256  ano_drv_hid.o(.bss)
    Device_Info                              0x20000b54   Data          28  usb_init.o(.bss)
    Transi_Buffer                            0x20000b70   Data          64  usb_endp.o(.bss)
    __initial_sp                             0x20000fb0   Data           0  startup_stm32f10x_md.o(STACK)



==============================================================================

Memory Map of the image

  Image Entry point : 0x080000ed

  Load Region LR_IROM1 (Base: 0x08000000, Size: 0x0000e7e0, Max: 0x00020000, ABSOLUTE, COMPRESSED[0x0000e628])

    Execution Region ER_IROM1 (Base: 0x08000000, Size: 0x0000e570, Max: 0x00020000, ABSOLUTE)

    Base Addr    Size         Type   Attr      Idx    E Section Name        Object

    0x08000000   0x000000ec   Data   RO          532    RESET               startup_stm32f10x_md.o
    0x080000ec   0x00000000   Code   RO          939  * .ARM.Collect$$$$00000000  mc_w.l(entry.o)
    0x080000ec   0x00000004   Code   RO         1273    .ARM.Collect$$$$00000001  mc_w.l(entry2.o)
    0x080000f0   0x00000004   Code   RO         1276    .ARM.Collect$$$$00000004  mc_w.l(entry5.o)
    0x080000f4   0x00000000   Code   RO         1278    .ARM.Collect$$$$00000008  mc_w.l(entry7b.o)
    0x080000f4   0x00000000   Code   RO         1280    .ARM.Collect$$$$0000000A  mc_w.l(entry8b.o)
    0x080000f4   0x00000008   Code   RO         1281    .ARM.Collect$$$$0000000B  mc_w.l(entry9a.o)
    0x080000fc   0x00000000   Code   RO         1283    .ARM.Collect$$$$0000000D  mc_w.l(entry10a.o)
    0x080000fc   0x00000000   Code   RO         1285    .ARM.Collect$$$$0000000F  mc_w.l(entry11a.o)
    0x080000fc   0x00000004   Code   RO         1274    .ARM.Collect$$$$00002712  mc_w.l(entry2.o)
    0x08000100   0x00000130   Code   RO            1    .text               main.o
    0x08000230   0x00000228   Code   RO          157    .text               ano_scheduler.o
    0x08000458   0x00000794   Code   RO          183    .text               ano_stick.o
    0x08000bec   0x000006a0   Code   RO          203    .text               ano_dt.o
    0x0800128c   0x00000068   Code   RO          226    .text               ano_param.o
    0x080012f4   0x0000070c   Code   RO          244    .text               oled_i2c.o
    0x08001a00   0x000026f0   Code   RO          288    .text               show.o
    0x080040f0   0x0000004c   Code   RO          318    .text               board.o
    0x0800413c   0x0000001a   Code   RO          361    .text               stm32f10x_it.o
    0x08004156   0x00000002   PAD
    0x08004158   0x000001ec   Code   RO          383    .text               ano_drv_led.o
    0x08004344   0x000002d4   Code   RO          398    .text               ano_drv_nrf24l01.o
    0x08004618   0x00000144   Code   RO          417    .text               ano_drv_spi.o
    0x0800475c   0x000002f4   Code   RO          429    .text               ano_drv_uart.o
    0x08004a50   0x00000184   Code   RO          445    .text               ano_drv_adc.o
    0x08004bd4   0x0000046c   Code   RO          463    .text               ano_drv_i2c.o
    0x08005040   0x00000240   Code   RO          478    .text               ano_drv_hid.o
    0x08005280   0x000000b4   Code   RO          497    .text               ano_drv_flash.o
    0x08005334   0x000012e0   Code   RO          512    .text               key.o
    0x08006614   0x00000024   Code   RO          533    .text               startup_stm32f10x_md.o
    0x08006638   0x000002e4   Code   RO          538    .text               system_stm32f10x.o
    0x0800691c   0x000003a4   Code   RO          579    .text               stm32f10x_rcc.o
    0x08006cc0   0x000000dc   Code   RO          593    .text               misc.o
    0x08006d9c   0x000005bc   Code   RO          605    .text               stm32f10x_flash.o
    0x08007358   0x0000035c   Code   RO          617    .text               stm32f10x_gpio.o
    0x080076b4   0x0000030c   Code   RO          629    .text               stm32f10x_spi.o
    0x080079c0   0x00000e1a   Code   RO          641    .text               stm32f10x_tim.o
    0x080087da   0x00000002   PAD
    0x080087dc   0x00000408   Code   RO          653    .text               stm32f10x_usart.o
    0x08008be4   0x0000044e   Code   RO          665    .text               stm32f10x_adc.o
    0x08009032   0x00000002   PAD
    0x08009034   0x00000254   Code   RO          677    .text               stm32f10x_dma.o
    0x08009288   0x00000b20   Code   RO          689    .text               usb_core.o
    0x08009da8   0x0000003c   Code   RO          731    .text               usb_init.o
    0x08009de4   0x000003d4   Code   RO          754    .text               usb_int.o
    0x0800a1b8   0x0000005c   Code   RO          778    .text               usb_mem.o
    0x0800a214   0x000007b8   Code   RO          790    .text               usb_regs.o
    0x0800a9cc   0x0000012c   Code   RO          802    .text               usb_config.o
    0x0800aaf8   0x0000003c   Code   RO          842    .text               usb_endp.o
    0x0800ab34   0x000000f8   Code   RO          869    .text               usb_istr.o
    0x0800ac2c   0x00000250   Code   RO          890    .text               usb_prop.o
    0x0800ae7c   0x00000148   Code   RO          913    .text               usb_pwr.o
    0x0800afc4   0x00000024   Code   RO          942    .text               mc_w.l(memcpya.o)
    0x0800afe8   0x0000001a   Code   RO          944    .text               mc_w.l(memcmp.o)
    0x0800b002   0x000000b0   Code   RO         1209    .text               mf_w.l(fadd.o)
    0x0800b0b2   0x00000064   Code   RO         1211    .text               mf_w.l(fmul.o)
    0x0800b116   0x0000007c   Code   RO         1213    .text               mf_w.l(fdiv.o)
    0x0800b192   0x0000014e   Code   RO         1215    .text               mf_w.l(dadd.o)
    0x0800b2e0   0x000000e4   Code   RO         1217    .text               mf_w.l(dmul.o)
    0x0800b3c4   0x000000de   Code   RO         1219    .text               mf_w.l(ddiv.o)
    0x0800b4a2   0x00000012   Code   RO         1221    .text               mf_w.l(fflti.o)
    0x0800b4b4   0x0000000a   Code   RO         1223    .text               mf_w.l(ffltui.o)
    0x0800b4be   0x00000022   Code   RO         1225    .text               mf_w.l(dflti.o)
    0x0800b4e0   0x00000032   Code   RO         1227    .text               mf_w.l(ffixi.o)
    0x0800b512   0x00000028   Code   RO         1229    .text               mf_w.l(ffixui.o)
    0x0800b53a   0x0000003e   Code   RO         1231    .text               mf_w.l(dfixi.o)
    0x0800b578   0x00000032   Code   RO         1233    .text               mf_w.l(dfixui.o)
    0x0800b5aa   0x00000026   Code   RO         1235    .text               mf_w.l(f2d.o)
    0x0800b5d0   0x00000030   Code   RO         1237    .text               mf_w.l(cdcmple.o)
    0x0800b600   0x00000030   Code   RO         1239    .text               mf_w.l(cdrcmple.o)
    0x0800b630   0x00000014   Code   RO         1241    .text               mf_w.l(cfcmple.o)
    0x0800b644   0x00000014   Code   RO         1243    .text               mf_w.l(cfrcmple.o)
    0x0800b658   0x0000002c   Code   RO         1290    .text               mc_w.l(uidiv.o)
    0x0800b684   0x00000062   Code   RO         1292    .text               mc_w.l(uldiv.o)
    0x0800b6e6   0x0000001e   Code   RO         1294    .text               mc_w.l(llshl.o)
    0x0800b704   0x00000020   Code   RO         1296    .text               mc_w.l(llushr.o)
    0x0800b724   0x00000024   Code   RO         1298    .text               mc_w.l(llsshr.o)
    0x0800b748   0x00000000   Code   RO         1307    .text               mc_w.l(iusefp.o)
    0x0800b748   0x0000006e   Code   RO         1308    .text               mf_w.l(fepilogue.o)
    0x0800b7b6   0x000000ba   Code   RO         1310    .text               mf_w.l(depilogue.o)
    0x0800b870   0x00000030   Code   RO         1312    .text               mf_w.l(dfixul.o)
    0x0800b8a0   0x00000024   Code   RO         1318    .text               mc_w.l(init.o)
    0x0800b8c4   0x0000002e   Code   RO         1322    .text               mf_w.l(dscalb.o)
    0x0800b8f2   0x0000001a   Code   RO         1324    .text               mf_w.l(dfltui.o)
    0x0800b90c   0x00000056   Code   RO         1334    .text               mc_w.l(__dczerorl2.o)
    0x0800b962   0x00000002   PAD
    0x0800b964   0x00000028   Code   RO         1183    i.__0sprintf        mc_w.l(printfa.o)
    0x0800b98c   0x00000028   Code   RO         1314    i.__ARM_fpclassify  m_ws.l(fpclassify.o)
    0x0800b9b4   0x00000388   Code   RO         1262    i.__ieee754_rem_pio2  m_ws.l(rred.o)
    0x0800bd3c   0x000000fc   Code   RO         1245    i.__kernel_cos      m_ws.l(cos_i.o)
    0x0800be38   0x000000aa   Code   RO         1316    i.__kernel_poly     m_ws.l(poly.o)
    0x0800bee2   0x00000002   PAD
    0x0800bee4   0x000000ec   Code   RO         1267    i.__kernel_sin      m_ws.l(sin_i.o)
    0x0800bfd0   0x00000006   Code   RO         1249    i.__mathlib_dbl_infnan  m_ws.l(dunder.o)
    0x0800bfd6   0x0000000c   Code   RO         1251    i.__mathlib_dbl_invalid  m_ws.l(dunder.o)
    0x0800bfe2   0x00000002   PAD
    0x0800bfe4   0x00000010   Code   RO         1254    i.__mathlib_dbl_underflow  m_ws.l(dunder.o)
    0x0800bff4   0x0000000e   Code   RO         1328    i.__scatterload_copy  mc_w.l(handlers.o)
    0x0800c002   0x00000002   Code   RO         1329    i.__scatterload_null  mc_w.l(handlers.o)
    0x0800c004   0x0000000e   Code   RO         1330    i.__scatterload_zeroinit  mc_w.l(handlers.o)
    0x0800c012   0x00000002   PAD
    0x0800c014   0x0000000c   Code   RO         1302    i.__set_errno       mc_w.l(errno.o)
    0x0800c020   0x00000164   Code   RO         1188    i._fp_digits        mc_w.l(printfa.o)
    0x0800c184   0x000006dc   Code   RO         1189    i._printf_core      mc_w.l(printfa.o)
    0x0800c860   0x00000024   Code   RO         1190    i._printf_post_padding  mc_w.l(printfa.o)
    0x0800c884   0x0000002e   Code   RO         1191    i._printf_pre_padding  mc_w.l(printfa.o)
    0x0800c8b2   0x0000000a   Code   RO         1193    i._sputc            mc_w.l(printfa.o)
    0x0800c8bc   0x000000a0   Code   RO          932    i.sin               m_ws.l(sin.o)
    0x0800c95c   0x00001a48   Data   RO          276    .constdata          oledfont.o
    0x0800e3a4   0x00000086   Data   RO          829    .constdata          usb_desc.o
    0x0800e42a   0x00000006   PAD
    0x0800e430   0x00000030   Data   RO         1246    .constdata          m_ws.l(cos_i.o)
    0x0800e460   0x000000c8   Data   RO         1264    .constdata          m_ws.l(rred.o)
    0x0800e528   0x00000028   Data   RO         1268    .constdata          m_ws.l(sin_i.o)
    0x0800e550   0x00000020   Data   RO         1326    Region$$Table       anon$$obj.o


    Execution Region RW_IRAM1 (Base: 0x20000000, Size: 0x00000fb0, Max: 0x00005000, ABSOLUTE, COMPRESSED[0x000000b8])

    Base Addr    Size         Type   Attr      Idx    E Section Name        Object

    0x20000000   0x00000004   Data   RW            2    .data               main.o
    0x20000004   0x0000000e   Data   RW          158    .data               ano_scheduler.o
    0x20000012   0x00000002   PAD
    0x20000014   0x00000014   Data   RW          185    .data               ano_stick.o
    0x20000028   0x00000002   Data   RW          246    .data               oled_i2c.o
    0x2000002a   0x00000002   PAD
    0x2000002c   0x000000a2   Data   RW          290    .data               show.o
    0x200000ce   0x00000002   PAD
    0x200000d0   0x0000000c   Data   RW          319    .data               board.o
    0x200000dc   0x00000004   Data   RW          384    .data               ano_drv_led.o
    0x200000e0   0x00000011   Data   RW          400    .data               ano_drv_nrf24l01.o
    0x200000f1   0x00000005   Data   RW          431    .data               ano_drv_uart.o
    0x200000f6   0x00000005   Data   RW          480    .data               ano_drv_hid.o
    0x200000fb   0x00000001   PAD
    0x200000fc   0x00000030   Data   RW          513    .data               key.o
    0x2000012c   0x00000014   Data   RW          539    .data               system_stm32f10x.o
    0x20000140   0x00000014   Data   RW          580    .data               stm32f10x_rcc.o
    0x20000154   0x00000003   Data   RW          690    .data               usb_core.o
    0x20000157   0x00000001   PAD
    0x20000158   0x00000014   Data   RW          733    .data               usb_init.o
    0x2000016c   0x00000004   Data   RW          755    .data               usb_int.o
    0x20000170   0x0000001a   Data   RW          830    .data               usb_desc.o
    0x2000018a   0x00000001   Data   RW          844    .data               usb_endp.o
    0x2000018b   0x00000001   PAD
    0x2000018c   0x0000003c   Data   RW          870    .data               usb_istr.o
    0x200001c8   0x0000009c   Data   RW          891    .data               usb_prop.o
    0x20000264   0x00000007   Data   RW          914    .data               usb_pwr.o
    0x2000026b   0x00000001   PAD
    0x2000026c   0x00000004   Data   RW         1303    .data               mc_w.l(errno.o)
    0x20000270   0x000000f8   Zero   RW          184    .bss                ano_stick.o
    0x20000368   0x00000032   Zero   RW          204    .bss                ano_dt.o
    0x2000039a   0x00000014   Zero   RW          227    .bss                ano_param.o
    0x200003ae   0x00000400   Zero   RW          245    .bss                oled_i2c.o
    0x200007ae   0x00000014   Zero   RW          289    .bss                show.o
    0x200007c2   0x00000040   Zero   RW          399    .bss                ano_drv_nrf24l01.o
    0x20000802   0x00000200   Zero   RW          430    .bss                ano_drv_uart.o
    0x20000a02   0x00000012   Zero   RW          446    .bss                ano_drv_adc.o
    0x20000a14   0x00000140   Zero   RW          479    .bss                ano_drv_hid.o
    0x20000b54   0x0000001c   Zero   RW          732    .bss                usb_init.o
    0x20000b70   0x00000040   Zero   RW          843    .bss                usb_endp.o
    0x20000bb0   0x00000400   Zero   RW          530    STACK               startup_stm32f10x_md.o


==============================================================================

Image component sizes


      Code (inc. data)   RO Data    RW Data    ZI Data      Debug   Object Name

       388         20          0          0         18       1693   ano_drv_adc.o
       180         10          0          0          0       1637   ano_drv_flash.o
       576         34          0          5        320       2276   ano_drv_hid.o
      1132          6          0          0          0       5092   ano_drv_i2c.o
       492         38          0          4          0       1574   ano_drv_led.o
       724         34          0         17         64       4479   ano_drv_nrf24l01.o
       324         18          0          0          0       1146   ano_drv_spi.o
       756         38          0          5        512       2774   ano_drv_uart.o
      1696         54          0          0         50       3351   ano_dt.o
       104         10          0          0         20       1715   ano_param.o
       552         80          0         14          0       2024   ano_scheduler.o
      1940        114          0         20        248       4263   ano_stick.o
        76         14          0         12          0       1555   board.o
      4832        780          0         48          0       4995   key.o
       304         30          0          4          0     303478   main.o
       220         22          0          0          0       1885   misc.o
      1804         30          0          2       1024       7093   oled_i2c.o
         0          0       6728          0          0       2427   oledfont.o
      9968        892          0        162         20      13009   show.o
        36          8        236          0       1024        880   startup_stm32f10x_md.o
      1102         26          0          0          0      10917   stm32f10x_adc.o
       596          8          0          0          0       4414   stm32f10x_dma.o
      1468         34          0          0          0       8118   stm32f10x_flash.o
       860         38          0          0          0       5733   stm32f10x_gpio.o
        26          0          0          0          0        941   stm32f10x_it.o
       932         36          0         20          0       8956   stm32f10x_rcc.o
       780         14          0          0          0       6614   stm32f10x_spi.o
      3610         88          0          0          0      22216   stm32f10x_tim.o
      1032         22          0          0          0       8456   stm32f10x_usart.o
       740         40          0         20          0       2550   system_stm32f10x.o
       300         34          0          0          0       2542   usb_config.o
      2848        112          0          3          0      18531   usb_core.o
         0          0        134         26          0       1136   usb_desc.o
        60         12          0          1         64       1462   usb_endp.o
        60         24          0         20         28       4162   usb_init.o
       980         32          0          4          0       1904   usb_int.o
       248         26          0         60          0       1444   usb_istr.o
        92          6          0          0          0       1422   usb_mem.o
       592         48          0        156          0       7695   usb_prop.o
       328         22          0          7          0       2769   usb_pwr.o
      1976         26          0          0          0      11669   usb_regs.o

    ----------------------------------------------------------------------
     44740       2880       7136        620       3392     500997   Object Totals
         0          0         32          0          0          0   (incl. Generated)
         6          0          6         10          0          0   (incl. Padding)

    ----------------------------------------------------------------------

      Code (inc. data)   RO Data    RW Data    ZI Data      Debug   Library Member Name

       252         22         48          0          0        124   cos_i.o
        34          6          0          0          0        204   dunder.o
        40          0          0          0          0         68   fpclassify.o
       170          0          0          0          0         96   poly.o
       904         76        200          0          0        140   rred.o
       160         10          0          0          0        108   sin.o
       236         12         40          0          0        128   sin_i.o
        86          0          0          0          0          0   __dczerorl2.o
         0          0          0          0          0          0   entry.o
         0          0          0          0          0          0   entry10a.o
         0          0          0          0          0          0   entry11a.o
         8          4          0          0          0          0   entry2.o
         4          0          0          0          0          0   entry5.o
         0          0          0          0          0          0   entry7b.o
         0          0          0          0          0          0   entry8b.o
         8          4          0          0          0          0   entry9a.o
        12          6          0          4          0         68   errno.o
        30          0          0          0          0          0   handlers.o
        36          8          0          0          0         68   init.o
         0          0          0          0          0          0   iusefp.o
        30          0          0          0          0         68   llshl.o
        36          0          0          0          0         68   llsshr.o
        32          0          0          0          0         68   llushr.o
        26          0          0          0          0         80   memcmp.o
        36          0          0          0          0         68   memcpya.o
      2244         86          0          0          0        512   printfa.o
        44          0          0          0          0         80   uidiv.o
        98          0          0          0          0         92   uldiv.o
        48          0          0          0          0         68   cdcmple.o
        48          0          0          0          0         68   cdrcmple.o
        20          0          0          0          0         68   cfcmple.o
        20          0          0          0          0         68   cfrcmple.o
       334          0          0          0          0        148   dadd.o
       222          0          0          0          0        100   ddiv.o
       186          0          0          0          0        176   depilogue.o
        62          0          0          0          0         80   dfixi.o
        50          0          0          0          0         76   dfixui.o
        48          0          0          0          0         68   dfixul.o
        34          0          0          0          0         76   dflti.o
        26          0          0          0          0         76   dfltui.o
       228          0          0          0          0         96   dmul.o
        46          0          0          0          0         80   dscalb.o
        38          0          0          0          0         68   f2d.o
       176          0          0          0          0        140   fadd.o
       124          0          0          0          0         88   fdiv.o
       110          0          0          0          0        168   fepilogue.o
        50          0          0          0          0         68   ffixi.o
        40          0          0          0          0         68   ffixui.o
        18          0          0          0          0         68   fflti.o
        10          0          0          0          0         68   ffltui.o
       100          0          0          0          0         76   fmul.o

    ----------------------------------------------------------------------
      6572        234        288          4          0       4100   Library Totals
         8          0          0          0          0          0   (incl. Padding)

    ----------------------------------------------------------------------

      Code (inc. data)   RO Data    RW Data    ZI Data      Debug   Library Name

      1796        126        288          0          0        868   m_ws.l
      2730        108          0          4          0       1172   mc_w.l
      2038          0          0          0          0       2060   mf_w.l

    ----------------------------------------------------------------------
      6572        234        288          4          0       4100   Library Totals

    ----------------------------------------------------------------------

==============================================================================


      Code (inc. data)   RO Data    RW Data    ZI Data      Debug   

     51312       3114       7424        624       3392     499349   Grand Totals
     51312       3114       7424        184       3392     499349   ELF Image Totals (compressed)
     51312       3114       7424        184          0          0   ROM Totals

==============================================================================

    Total RO  Size (Code + RO Data)                58736 (  57.36kB)
    Total RW  Size (RW Data + ZI Data)              4016 (   3.92kB)
    Total ROM Size (Code + RO Data + RW Data)      58920 (  57.54kB)

==============================================================================

